Archive member included to satisfy reference by file (symbol)

/home/robin/Travail/ProjetSpé/vibrato/rf_duino_template_cross_gcc/rfduino_core/variants/RFduino/libRFduino.a(libRFduino.o)
                              ./rfduino_core/cores/arduino/Tone.o (rfduino_ppi_channel_assign)
/home/robin/Travail/ProjetSpé/vibrato/rf_duino_template_cross_gcc/rfduino_core/variants/RFduino/libRFduinoBLE.a(libRFduinoBLE.o)
                              ./rfduino_core/libraries/RFduinoBLE/RFduinoBLE.o (RFduinoBLE_begin)
/home/robin/Travail/ProjetSpé/vibrato/rf_duino_template_cross_gcc/rfduino_core/variants/RFduino/libRFduinoBLE.a(ble_RFduino.o)
                              /home/robin/Travail/ProjetSpé/vibrato/rf_duino_template_cross_gcc/rfduino_core/variants/RFduino/libRFduinoBLE.a(libRFduinoBLE.o) (ble_rfduino_on_ble_evt)
/home/robin/Travail/ProjetSpé/vibrato/rf_duino_template_cross_gcc/rfduino_core/variants/RFduino/libRFduinoBLE.a(ble_advdata.o)
                              /home/robin/Travail/ProjetSpé/vibrato/rf_duino_template_cross_gcc/rfduino_core/variants/RFduino/libRFduinoBLE.a(libRFduinoBLE.o) (ble_advdata_set)
/home/robin/Travail/ProjetSpé/vibrato/rf_duino_template_cross_gcc/rfduino_core/variants/RFduino/libRFduinoBLE.a(ble_stack_handler.o)
                              /home/robin/Travail/ProjetSpé/vibrato/rf_duino_template_cross_gcc/rfduino_core/variants/RFduino/libRFduinoBLE.a(libRFduinoBLE.o) (ble_stack_handler_init)
/home/robin/Travail/ProjetSpé/vibrato/rf_duino_template_cross_gcc/rfduino_core/variants/RFduino/libRFduinoBLE.a(ble_bondmngr.o)
                              /home/robin/Travail/ProjetSpé/vibrato/rf_duino_template_cross_gcc/rfduino_core/variants/RFduino/libRFduinoBLE.a(libRFduinoBLE.o) (ble_bondmngr_on_ble_evt)
/home/robin/Travail/ProjetSpé/vibrato/rf_duino_template_cross_gcc/rfduino_core/variants/RFduino/libRFduinoBLE.a(ble_flash.o)
                              /home/robin/Travail/ProjetSpé/vibrato/rf_duino_template_cross_gcc/rfduino_core/variants/RFduino/libRFduinoBLE.a(ble_bondmngr.o) (ble_flash_crc16_compute)
/home/robin/Travail/ProjetSpé/vibrato/rf_duino_template_cross_gcc/rfduino_core/variants/RFduino/libRFduinoBLE.a(ble_radio_notification.o)
                              /home/robin/Travail/ProjetSpé/vibrato/rf_duino_template_cross_gcc/rfduino_core/variants/RFduino/libRFduinoBLE.a(libRFduinoBLE.o) (ble_radio_notification_init)
/home/robin/Travail/ProjetSpé/vibrato/rf_duino_template_cross_gcc/rfduino_core/variants/RFduino/libRFduinoGZLL.a(libRFduinoGZLL.o)
                              ./rfduino_core/libraries/RFduinoGZLL/RFduinoGZLL.o (RFduinoGZLL_begin)
/home/robin/Travail/ProjetSpé/vibrato/rf_duino_template_cross_gcc/rfduino_core/variants/RFduino/libRFduinoGZLL.a(nrf_gzll.o)
                              /home/robin/Travail/ProjetSpé/vibrato/rf_duino_template_cross_gcc/rfduino_core/variants/RFduino/libRFduinoGZLL.a(libRFduinoGZLL.o) (nrf_gzll_init)
/home/robin/Travail/ProjetSpé/vibrato/rf_duino_template_cross_gcc/rfduino_core/variants/RFduino/libRFduinoGZLL.a(nrf_impala.o)
                              /home/robin/Travail/ProjetSpé/vibrato/rf_duino_template_cross_gcc/rfduino_core/variants/RFduino/libRFduinoGZLL.a(nrf_gzll.o) (nrf_impl_init)
/home/robin/Travail/ProjetSpé/vibrato/rf_duino_template_cross_gcc/rfduino_core/variants/RFduino/libRFduinoGZLL.a(nrf_link_core.o)
                              /home/robin/Travail/ProjetSpé/vibrato/rf_duino_template_cross_gcc/rfduino_core/variants/RFduino/libRFduinoGZLL.a(nrf_impala.o) (nrf_lcore_prepare_operation)
/home/robin/Travail/ProjetSpé/vibrato/rf_duino_template_cross_gcc/rfduino_core/variants/RFduino/libRFduinoGZLL.a(nrf_notification_manager.o)
                              /home/robin/Travail/ProjetSpé/vibrato/rf_duino_template_cross_gcc/rfduino_core/variants/RFduino/libRFduinoGZLL.a(nrf_impala.o) (nrf_nm_init)
/home/robin/Travail/ProjetSpé/vibrato/rf_duino_template_cross_gcc/rfduino_core/variants/RFduino/libRFduinoGZLL.a(nrf_packet_manager.o)
                              /home/robin/Travail/ProjetSpé/vibrato/rf_duino_template_cross_gcc/rfduino_core/variants/RFduino/libRFduinoGZLL.a(nrf_impala.o) (nrf_pm_init)
/home/robin/Travail/ProjetSpé/vibrato/rf_duino_template_cross_gcc/rfduino_core/variants/RFduino/libRFduinoGZLL.a(nrf_state_machine.o)
                              /home/robin/Travail/ProjetSpé/vibrato/rf_duino_template_cross_gcc/rfduino_core/variants/RFduino/libRFduinoGZLL.a(nrf_impala.o) (nrf_sm_init)
/home/robin/Travail/ProjetSpé/vibrato/rf_duino_template_cross_gcc/rfduino_core/variants/RFduino/libRFduinoGZLL.a(nrf_assert_internal.o)
                              /home/robin/Travail/ProjetSpé/vibrato/rf_duino_template_cross_gcc/rfduino_core/variants/RFduino/libRFduinoGZLL.a(nrf_gzll.o) (NRF_ASSERT_INTERNAL_parse_and_forward)
/home/robin/Travail/ProjetSpé/vibrato/rf_duino_template_cross_gcc/rfduino_core/variants/RFduino/libRFduinoGZLL.a(nrf_channel_manager.o)
[...]
Memory Configuration

Name             Origin             Length             Attributes
rom              0x0001f000         0x00020000         xr
ram              0x20002000         0x00002000         xrw
*default*        0x00000000         0xffffffff

Linker script and memory map

LOAD /home/robin/Documents/gcc-arm-none-eabi-5_3-2016q1/bin/../lib/gcc/arm-none-eabi/5.3.1/armv6-m/crti.o
LOAD /home/robin/Documents/gcc-arm-none-eabi-5_3-2016q1/bin/../lib/gcc/arm-none-eabi/5.3.1/armv6-m/crtbegin.o
LOAD /home/robin/Documents/gcc-arm-none-eabi-5_3-2016q1/bin/../lib/gcc/arm-none-eabi/5.3.1/../../../../arm-none-eabi/lib/armv6-m/crt0.o
LOAD ./rfduino_core/variants/RFduino/variant.o
LOAD ./rfduino_core/system/RFduino/source/startup_nrf51822.o
LOAD ./rfduino_core/system/RFduino/source/system_nrf51.o
LOAD ./rfduino_core/system/CMSIS/CMSIS/DSP_Lib/Source/TransformFunctions/arm_bitreversal.o
LOAD ./rfduino_core/system/CMSIS/CMSIS/DSP_Lib/Source/TransformFunctions/arm_cfft_radix2_f32.o
LOAD ./rfduino_core/system/CMSIS/CMSIS/DSP_Lib/Source/TransformFunctions/arm_cfft_radix2_init_f32.o
LOAD ./rfduino_core/system/CMSIS/CMSIS/DSP_Lib/Source/TransformFunctions/arm_cfft_radix2_init_q15.o
LOAD ./rfduino_core/system/CMSIS/CMSIS/DSP_Lib/Source/TransformFunctions/arm_cfft_radix2_init_q31.o
LOAD ./rfduino_core/system/CMSIS/CMSIS/DSP_Lib/Source/TransformFunctions/arm_cfft_radix2_q15.o
LOAD ./rfduino_core/system/CMSIS/CMSIS/DSP_Lib/Source/TransformFunctions/arm_cfft_radix2_q31.o
LOAD ./rfduino_core/system/CMSIS/CMSIS/DSP_Lib/Source/TransformFunctions/arm_cfft_radix4_f32.o
LOAD ./rfduino_core/system/CMSIS/CMSIS/DSP_Lib/Source/TransformFunctions/arm_cfft_radix4_init_f32.o
LOAD ./rfduino_core/system/CMSIS/CMSIS/DSP_Lib/Source/TransformFunctions/arm_cfft_radix4_init_q15.o
LOAD ./rfduino_core/system/CMSIS/CMSIS/DSP_Lib/Source/TransformFunctions/arm_cfft_radix4_init_q31.o
LOAD ./rfduino_core/system/CMSIS/CMSIS/DSP_Lib/Source/TransformFunctions/arm_cfft_radix4_q15.o
LOAD ./rfduino_core/system/CMSIS/CMSIS/DSP_Lib/Source/TransformFunctions/arm_cfft_radix4_q31.o
LOAD ./rfduino_core/system/CMSIS/CMSIS/DSP_Lib/Source/TransformFunctions/arm_dct4_f32.o
LOAD ./rfduino_core/system/CMSIS/CMSIS/DSP_Lib/Source/TransformFunctions/arm_dct4_init_f32.o
LOAD ./rfduino_core/system/CMSIS/CMSIS/DSP_Lib/Source/TransformFunctions/arm_dct4_init_q15.o
LOAD ./rfduino_core/system/CMSIS/CMSIS/DSP_Lib/Source/TransformFunctions/arm_dct4_init_q31.o
LOAD ./rfduino_core/system/CMSIS/CMSIS/DSP_Lib/Source/TransformFunctions/arm_dct4_q15.o
LOAD ./rfduino_core/system/CMSIS/CMSIS/DSP_Lib/Source/TransformFunctions/arm_dct4_q31.o
LOAD ./rfduino_core/system/CMSIS/CMSIS/DSP_Lib/Source/TransformFunctions/arm_rfft_f32.o
LOAD ./rfduino_core/system/CMSIS/CMSIS/DSP_Lib/Source/TransformFunctions/arm_rfft_init_f32.o
LOAD ./rfduino_core/system/CMSIS/CMSIS/DSP_Lib/Source/TransformFunctions/arm_rfft_init_q15.o
LOAD ./rfduino_core/system/CMSIS/CMSIS/DSP_Lib/Source/TransformFunctions/arm_rfft_init_q31.o
LOAD ./rfduino_core/system/CMSIS/CMSIS/DSP_Lib/Source/TransformFunctions/arm_rfft_q15.o
LOAD ./rfduino_core/system/CMSIS/CMSIS/DSP_Lib/Source/TransformFunctions/arm_rfft_q31.o
LOAD ./rfduino_core/system/CMSIS/CMSIS/DSP_Lib/Source/SupportFunctions/arm_copy_f32.o
LOAD ./rfduino_core/system/CMSIS/CMSIS/DSP_Lib/Source/SupportFunctions/arm_copy_q15.o
LOAD ./rfduino_core/system/CMSIS/CMSIS/DSP_Lib/Source/SupportFunctions/arm_copy_q31.o
LOAD ./rfduino_core/system/CMSIS/CMSIS/DSP_Lib/Source/SupportFunctions/arm_copy_q7.o
LOAD ./rfduino_core/system/CMSIS/CMSIS/DSP_Lib/Source/SupportFunctions/arm_fill_f32.o
LOAD ./rfduino_core/system/CMSIS/CMSIS/DSP_Lib/Source/SupportFunctions/arm_fill_q15.o
LOAD ./rfduino_core/system/CMSIS/CMSIS/DSP_Lib/Source/SupportFunctions/arm_fill_q31.o
LOAD ./rfduino_core/system/CMSIS/CMSIS/DSP_Lib/Source/SupportFunctions/arm_fill_q7.o
LOAD ./rfduino_core/system/CMSIS/CMSIS/DSP_Lib/Source/SupportFunctions/arm_float_to_q15.o
LOAD ./rfduino_core/system/CMSIS/CMSIS/DSP_Lib/Source/SupportFunctions/arm_float_to_q31.o
LOAD ./rfduino_core/system/CMSIS/CMSIS/DSP_Lib/Source/SupportFunctions/arm_float_to_q7.o
LOAD ./rfduino_core/system/CMSIS/CMSIS/DSP_Lib/Source/SupportFunctions/arm_q15_to_float.o
LOAD ./rfduino_core/system/CMSIS/CMSIS/DSP_Lib/Source/SupportFunctions/arm_q15_to_q31.o
LOAD ./rfduino_core/system/CMSIS/CMSIS/DSP_Lib/Source/SupportFunctions/arm_q15_to_q7.o
LOAD ./rfduino_core/system/CMSIS/CMSIS/DSP_Lib/Source/SupportFunctions/arm_q31_to_float.o
LOAD ./rfduino_core/system/CMSIS/CMSIS/DSP_Lib/Source/SupportFunctions/arm_q31_to_q15.o
LOAD ./rfduino_core/system/CMSIS/CMSIS/DSP_Lib/Source/SupportFunctions/arm_q31_to_q7.o
LOAD ./rfduino_core/system/CMSIS/CMSIS/DSP_Lib/Source/SupportFunctions/arm_q7_to_float.o
LOAD ./rfduino_core/system/CMSIS/CMSIS/DSP_Lib/Source/SupportFunctions/arm_q7_to_q15.o
LOAD ./rfduino_core/system/CMSIS/CMSIS/DSP_Lib/Source/SupportFunctions/arm_q7_to_q31.o
LOAD ./rfduino_core/system/CMSIS/CMSIS/DSP_Lib/Source/StatisticsFunctions/arm_max_f32.o
LOAD ./rfduino_core/system/CMSIS/CMSIS/DSP_Lib/Source/StatisticsFunctions/arm_max_q15.o
LOAD ./rfduino_core/system/CMSIS/CMSIS/DSP_Lib/Source/StatisticsFunctions/arm_max_q31.o
LOAD ./rfduino_core/system/CMSIS/CMSIS/DSP_Lib/Source/StatisticsFunctions/arm_max_q7.o
LOAD ./rfduino_core/system/CMSIS/CMSIS/DSP_Lib/Source/StatisticsFunctions/arm_mean_f32.o
LOAD ./rfduino_core/system/CMSIS/CMSIS/DSP_Lib/Source/StatisticsFunctions/arm_mean_q15.o
LOAD ./rfduino_core/system/CMSIS/CMSIS/DSP_Lib/Source/StatisticsFunctions/arm_mean_q31.o
LOAD ./rfduino_core/system/CMSIS/CMSIS/DSP_Lib/Source/StatisticsFunctions/arm_mean_q7.o
LOAD ./rfduino_core/system/CMSIS/CMSIS/DSP_Lib/Source/StatisticsFunctions/arm_min_f32.o
LOAD ./rfduino_core/system/CMSIS/CMSIS/DSP_Lib/Source/StatisticsFunctions/arm_min_q15.o
LOAD ./rfduino_core/system/CMSIS/CMSIS/DSP_Lib/Source/StatisticsFunctions/arm_min_q31.o
LOAD ./rfduino_core/system/CMSIS/CMSIS/DSP_Lib/Source/StatisticsFunctions/arm_min_q7.o
LOAD ./rfduino_core/system/CMSIS/CMSIS/DSP_Lib/Source/StatisticsFunctions/arm_power_f32.o
LOAD ./rfduino_core/system/CMSIS/CMSIS/DSP_Lib/Source/StatisticsFunctions/arm_power_q15.o
LOAD ./rfduino_core/system/CMSIS/CMSIS/DSP_Lib/Source/StatisticsFunctions/arm_power_q31.o
LOAD ./rfduino_core/system/CMSIS/CMSIS/DSP_Lib/Source/StatisticsFunctions/arm_power_q7.o
LOAD ./rfduino_core/system/CMSIS/CMSIS/DSP_Lib/Source/StatisticsFunctions/arm_rms_f32.o
LOAD ./rfduino_core/system/CMSIS/CMSIS/DSP_Lib/Source/StatisticsFunctions/arm_rms_q15.o
LOAD ./rfduino_core/system/CMSIS/CMSIS/DSP_Lib/Source/StatisticsFunctions/arm_rms_q31.o
LOAD ./rfduino_core/system/CMSIS/CMSIS/DSP_Lib/Source/StatisticsFunctions/arm_std_f32.o
LOAD ./rfduino_core/system/CMSIS/CMSIS/DSP_Lib/Source/StatisticsFunctions/arm_std_q15.o
LOAD ./rfduino_core/system/CMSIS/CMSIS/DSP_Lib/Source/StatisticsFunctions/arm_std_q31.o
LOAD ./rfduino_core/system/CMSIS/CMSIS/DSP_Lib/Source/StatisticsFunctions/arm_var_f32.o
LOAD ./rfduino_core/system/CMSIS/CMSIS/DSP_Lib/Source/StatisticsFunctions/arm_var_q15.o
LOAD ./rfduino_core/system/CMSIS/CMSIS/DSP_Lib/Source/StatisticsFunctions/arm_var_q31.o
LOAD ./rfduino_core/system/CMSIS/CMSIS/DSP_Lib/Source/MatrixFunctions/arm_mat_add_f32.o
LOAD ./rfduino_core/system/CMSIS/CMSIS/DSP_Lib/Source/MatrixFunctions/arm_mat_add_q15.o
LOAD ./rfduino_core/system/CMSIS/CMSIS/DSP_Lib/Source/MatrixFunctions/arm_mat_add_q31.o
LOAD ./rfduino_core/system/CMSIS/CMSIS/DSP_Lib/Source/MatrixFunctions/arm_mat_init_f32.o
LOAD ./rfduino_core/system/CMSIS/CMSIS/DSP_Lib/Source/MatrixFunctions/arm_mat_init_q15.o
LOAD ./rfduino_core/system/CMSIS/CMSIS/DSP_Lib/Source/MatrixFunctions/arm_mat_init_q31.o
LOAD ./rfduino_core/system/CMSIS/CMSIS/DSP_Lib/Source/MatrixFunctions/arm_mat_inverse_f32.o
LOAD ./rfduino_core/system/CMSIS/CMSIS/DSP_Lib/Source/MatrixFunctions/arm_mat_mult_f32.o
LOAD ./rfduino_core/system/CMSIS/CMSIS/DSP_Lib/Source/MatrixFunctions/arm_mat_mult_fast_q15.o
LOAD ./rfduino_core/system/CMSIS/CMSIS/DSP_Lib/Source/MatrixFunctions/arm_mat_mult_fast_q31.o
LOAD ./rfduino_core/system/CMSIS/CMSIS/DSP_Lib/Source/MatrixFunctions/arm_mat_mult_q15.o
LOAD ./rfduino_core/system/CMSIS/CMSIS/DSP_Lib/Source/MatrixFunctions/arm_mat_mult_q31.o
LOAD ./rfduino_core/system/CMSIS/CMSIS/DSP_Lib/Source/MatrixFunctions/arm_mat_scale_f32.o
LOAD ./rfduino_core/system/CMSIS/CMSIS/DSP_Lib/Source/MatrixFunctions/arm_mat_scale_q15.o
LOAD ./rfduino_core/system/CMSIS/CMSIS/DSP_Lib/Source/MatrixFunctions/arm_mat_scale_q31.o
LOAD ./rfduino_core/system/CMSIS/CMSIS/DSP_Lib/Source/MatrixFunctions/arm_mat_sub_f32.o
LOAD ./rfduino_core/system/CMSIS/CMSIS/DSP_Lib/Source/MatrixFunctions/arm_mat_sub_q15.o
LOAD ./rfduino_core/system/CMSIS/CMSIS/DSP_Lib/Source/MatrixFunctions/arm_mat_sub_q31.o
LOAD ./rfduino_core/system/CMSIS/CMSIS/DSP_Lib/Source/MatrixFunctions/arm_mat_trans_f32.o
LOAD ./rfduino_core/system/CMSIS/CMSIS/DSP_Lib/Source/MatrixFunctions/arm_mat_trans_q15.o
LOAD ./rfduino_core/system/CMSIS/CMSIS/DSP_Lib/Source/MatrixFunctions/arm_mat_trans_q31.o
LOAD ./rfduino_core/system/CMSIS/CMSIS/DSP_Lib/Source/FilteringFunctions/arm_biquad_cascade_df1_32x64_init_q31.o
LOAD ./rfduino_core/system/CMSIS/CMSIS/DSP_Lib/Source/FilteringFunctions/arm_biquad_cascade_df1_32x64_q31.o
LOAD ./rfduino_core/system/CMSIS/CMSIS/DSP_Lib/Source/FilteringFunctions/arm_biquad_cascade_df1_f32.o
LOAD ./rfduino_core/system/CMSIS/CMSIS/DSP_Lib/Source/FilteringFunctions/arm_biquad_cascade_df1_fast_q15.o
LOAD ./rfduino_core/system/CMSIS/CMSIS/DSP_Lib/Source/FilteringFunctions/arm_biquad_cascade_df1_fast_q31.o
LOAD ./rfduino_core/system/CMSIS/CMSIS/DSP_Lib/Source/FilteringFunctions/arm_biquad_cascade_df1_init_f32.o
LOAD ./rfduino_core/system/CMSIS/CMSIS/DSP_Lib/Source/FilteringFunctions/arm_biquad_cascade_df1_init_q15.o
LOAD ./rfduino_core/system/CMSIS/CMSIS/DSP_Lib/Source/FilteringFunctions/arm_biquad_cascade_df1_init_q31.o
LOAD ./rfduino_core/system/CMSIS/CMSIS/DSP_Lib/Source/FilteringFunctions/arm_biquad_cascade_df1_q15.o
LOAD ./rfduino_core/system/CMSIS/CMSIS/DSP_Lib/Source/FilteringFunctions/arm_biquad_cascade_df1_q31.o
LOAD ./rfduino_core/system/CMSIS/CMSIS/DSP_Lib/Source/FilteringFunctions/arm_biquad_cascade_df2T_f32.o
LOAD ./rfduino_core/system/CMSIS/CMSIS/DSP_Lib/Source/FilteringFunctions/arm_biquad_cascade_df2T_init_f32.o
LOAD ./rfduino_core/system/CMSIS/CMSIS/DSP_Lib/Source/FilteringFunctions/arm_conv_f32.o
LOAD ./rfduino_core/system/CMSIS/CMSIS/DSP_Lib/Source/FilteringFunctions/arm_conv_fast_opt_q15.o
LOAD ./rfduino_core/system/CMSIS/CMSIS/DSP_Lib/Source/FilteringFunctions/arm_conv_fast_q15.o
LOAD ./rfduino_core/system/CMSIS/CMSIS/DSP_Lib/Source/FilteringFunctions/arm_conv_fast_q31.o
LOAD ./rfduino_core/system/CMSIS/CMSIS/DSP_Lib/Source/FilteringFunctions/arm_conv_opt_q15.o
LOAD ./rfduino_core/system/CMSIS/CMSIS/DSP_Lib/Source/FilteringFunctions/arm_conv_opt_q7.o
LOAD ./rfduino_core/system/CMSIS/CMSIS/DSP_Lib/Source/FilteringFunctions/arm_conv_partial_f32.o
LOAD ./rfduino_core/system/CMSIS/CMSIS/DSP_Lib/Source/FilteringFunctions/arm_conv_partial_fast_opt_q15.o
LOAD ./rfduino_core/system/CMSIS/CMSIS/DSP_Lib/Source/FilteringFunctions/arm_conv_partial_fast_q15.o
LOAD ./rfduino_core/system/CMSIS/CMSIS/DSP_Lib/Source/FilteringFunctions/arm_conv_partial_fast_q31.o
LOAD ./rfduino_core/system/CMSIS/CMSIS/DSP_Lib/Source/FilteringFunctions/arm_conv_partial_opt_q15.o
LOAD ./rfduino_core/system/CMSIS/CMSIS/DSP_Lib/Source/FilteringFunctions/arm_conv_partial_opt_q7.o
LOAD ./rfduino_core/system/CMSIS/CMSIS/DSP_Lib/Source/FilteringFunctions/arm_conv_partial_q15.o
LOAD ./rfduino_core/system/CMSIS/CMSIS/DSP_Lib/Source/FilteringFunctions/arm_conv_partial_q31.o
LOAD ./rfduino_core/system/CMSIS/CMSIS/DSP_Lib/Source/FilteringFunctions/arm_conv_partial_q7.o
LOAD ./rfduino_core/system/CMSIS/CMSIS/DSP_Lib/Source/FilteringFunctions/arm_conv_q15.o
LOAD ./rfduino_core/system/CMSIS/CMSIS/DSP_Lib/Source/FilteringFunctions/arm_conv_q31.o
LOAD ./rfduino_core/system/CMSIS/CMSIS/DSP_Lib/Source/FilteringFunctions/arm_conv_q7.o
LOAD ./rfduino_core/system/CMSIS/CMSIS/DSP_Lib/Source/FilteringFunctions/arm_correlate_f32.o
LOAD ./rfduino_core/system/CMSIS/CMSIS/DSP_Lib/Source/FilteringFunctions/arm_correlate_fast_opt_q15.o
LOAD ./rfduino_core/system/CMSIS/CMSIS/DSP_Lib/Source/FilteringFunctions/arm_correlate_fast_q15.o
LOAD ./rfduino_core/system/CMSIS/CMSIS/DSP_Lib/Source/FilteringFunctions/arm_correlate_fast_q31.o
LOAD ./rfduino_core/system/CMSIS/CMSIS/DSP_Lib/Source/FilteringFunctions/arm_correlate_opt_q15.o
LOAD ./rfduino_core/system/CMSIS/CMSIS/DSP_Lib/Source/FilteringFunctions/arm_correlate_opt_q7.o
LOAD ./rfduino_core/system/CMSIS/CMSIS/DSP_Lib/Source/FilteringFunctions/arm_correlate_q15.o
LOAD ./rfduino_core/system/CMSIS/CMSIS/DSP_Lib/Source/FilteringFunctions/arm_correlate_q31.o
LOAD ./rfduino_core/system/CMSIS/CMSIS/DSP_Lib/Source/FilteringFunctions/arm_correlate_q7.o
LOAD ./rfduino_core/system/CMSIS/CMSIS/DSP_Lib/Source/FilteringFunctions/arm_fir_decimate_f32.o
LOAD ./rfduino_core/system/CMSIS/CMSIS/DSP_Lib/Source/FilteringFunctions/arm_fir_decimate_fast_q15.o
LOAD ./rfduino_core/system/CMSIS/CMSIS/DSP_Lib/Source/FilteringFunctions/arm_fir_decimate_fast_q31.o
LOAD ./rfduino_core/system/CMSIS/CMSIS/DSP_Lib/Source/FilteringFunctions/arm_fir_decimate_init_f32.o
LOAD ./rfduino_core/system/CMSIS/CMSIS/DSP_Lib/Source/FilteringFunctions/arm_fir_decimate_init_q15.o
LOAD ./rfduino_core/system/CMSIS/CMSIS/DSP_Lib/Source/FilteringFunctions/arm_fir_decimate_init_q31.o
LOAD ./rfduino_core/system/CMSIS/CMSIS/DSP_Lib/Source/FilteringFunctions/arm_fir_decimate_q15.o
LOAD ./rfduino_core/system/CMSIS/CMSIS/DSP_Lib/Source/FilteringFunctions/arm_fir_decimate_q31.o
LOAD ./rfduino_core/system/CMSIS/CMSIS/DSP_Lib/Source/FilteringFunctions/arm_fir_f32.o
LOAD ./rfduino_core/system/CMSIS/CMSIS/DSP_Lib/Source/FilteringFunctions/arm_fir_fast_q15.o
LOAD ./rfduino_core/system/CMSIS/CMSIS/DSP_Lib/Source/FilteringFunctions/arm_fir_fast_q31.o
LOAD ./rfduino_core/system/CMSIS/CMSIS/DSP_Lib/Source/FilteringFunctions/arm_fir_init_f32.o
LOAD ./rfduino_core/system/CMSIS/CMSIS/DSP_Lib/Source/FilteringFunctions/arm_fir_init_q15.o
LOAD ./rfduino_core/system/CMSIS/CMSIS/DSP_Lib/Source/FilteringFunctions/arm_fir_init_q31.o
LOAD ./rfduino_core/system/CMSIS/CMSIS/DSP_Lib/Source/FilteringFunctions/arm_fir_init_q7.o
LOAD ./rfduino_core/system/CMSIS/CMSIS/DSP_Lib/Source/FilteringFunctions/arm_fir_interpolate_f32.o
LOAD ./rfduino_core/system/CMSIS/CMSIS/DSP_Lib/Source/FilteringFunctions/arm_fir_interpolate_init_f32.o
LOAD ./rfduino_core/system/CMSIS/CMSIS/DSP_Lib/Source/FilteringFunctions/arm_fir_interpolate_init_q15.o
LOAD ./rfduino_core/system/CMSIS/CMSIS/DSP_Lib/Source/FilteringFunctions/arm_fir_interpolate_init_q31.o
LOAD ./rfduino_core/system/CMSIS/CMSIS/DSP_Lib/Source/FilteringFunctions/arm_fir_interpolate_q15.o
LOAD ./rfduino_core/system/CMSIS/CMSIS/DSP_Lib/Source/FilteringFunctions/arm_fir_interpolate_q31.o
LOAD ./rfduino_core/system/CMSIS/CMSIS/DSP_Lib/Source/FilteringFunctions/arm_fir_lattice_f32.o
LOAD ./rfduino_core/system/CMSIS/CMSIS/DSP_Lib/Source/FilteringFunctions/arm_fir_lattice_init_f32.o
LOAD ./rfduino_core/system/CMSIS/CMSIS/DSP_Lib/Source/FilteringFunctions/arm_fir_lattice_init_q15.o
LOAD ./rfduino_core/system/CMSIS/CMSIS/DSP_Lib/Source/FilteringFunctions/arm_fir_lattice_init_q31.o
LOAD ./rfduino_core/system/CMSIS/CMSIS/DSP_Lib/Source/FilteringFunctions/arm_fir_lattice_q15.o
LOAD ./rfduino_core/system/CMSIS/CMSIS/DSP_Lib/Source/FilteringFunctions/arm_fir_lattice_q31.o
LOAD ./rfduino_core/system/CMSIS/CMSIS/DSP_Lib/Source/FilteringFunctions/arm_fir_q15.o
LOAD ./rfduino_core/system/CMSIS/CMSIS/DSP_Lib/Source/FilteringFunctions/arm_fir_q31.o
LOAD ./rfduino_core/system/CMSIS/CMSIS/DSP_Lib/Source/FilteringFunctions/arm_fir_q7.o
LOAD ./rfduino_core/system/CMSIS/CMSIS/DSP_Lib/Source/FilteringFunctions/arm_fir_sparse_f32.o
LOAD ./rfduino_core/system/CMSIS/CMSIS/DSP_Lib/Source/FilteringFunctions/arm_fir_sparse_init_f32.o
LOAD ./rfduino_core/system/CMSIS/CMSIS/DSP_Lib/Source/FilteringFunctions/arm_fir_sparse_init_q15.o
LOAD ./rfduino_core/system/CMSIS/CMSIS/DSP_Lib/Source/FilteringFunctions/arm_fir_sparse_init_q31.o
LOAD ./rfduino_core/system/CMSIS/CMSIS/DSP_Lib/Source/FilteringFunctions/arm_fir_sparse_init_q7.o
LOAD ./rfduino_core/system/CMSIS/CMSIS/DSP_Lib/Source/FilteringFunctions/arm_fir_sparse_q15.o
LOAD ./rfduino_core/system/CMSIS/CMSIS/DSP_Lib/Source/FilteringFunctions/arm_fir_sparse_q31.o
LOAD ./rfduino_core/system/CMSIS/CMSIS/DSP_Lib/Source/FilteringFunctions/arm_fir_sparse_q7.o
LOAD ./rfduino_core/system/CMSIS/CMSIS/DSP_Lib/Source/FilteringFunctions/arm_iir_lattice_f32.o
LOAD ./rfduino_core/system/CMSIS/CMSIS/DSP_Lib/Source/FilteringFunctions/arm_iir_lattice_init_f32.o
LOAD ./rfduino_core/system/CMSIS/CMSIS/DSP_Lib/Source/FilteringFunctions/arm_iir_lattice_init_q15.o
LOAD ./rfduino_core/system/CMSIS/CMSIS/DSP_Lib/Source/FilteringFunctions/arm_iir_lattice_init_q31.o
LOAD ./rfduino_core/system/CMSIS/CMSIS/DSP_Lib/Source/FilteringFunctions/arm_iir_lattice_q15.o
LOAD ./rfduino_core/system/CMSIS/CMSIS/DSP_Lib/Source/FilteringFunctions/arm_iir_lattice_q31.o
LOAD ./rfduino_core/system/CMSIS/CMSIS/DSP_Lib/Source/FilteringFunctions/arm_lms_f32.o
LOAD ./rfduino_core/system/CMSIS/CMSIS/DSP_Lib/Source/FilteringFunctions/arm_lms_init_f32.o
LOAD ./rfduino_core/system/CMSIS/CMSIS/DSP_Lib/Source/FilteringFunctions/arm_lms_init_q15.o
LOAD ./rfduino_core/system/CMSIS/CMSIS/DSP_Lib/Source/FilteringFunctions/arm_lms_init_q31.o
LOAD ./rfduino_core/system/CMSIS/CMSIS/DSP_Lib/Source/FilteringFunctions/arm_lms_norm_f32.o
LOAD ./rfduino_core/system/CMSIS/CMSIS/DSP_Lib/Source/FilteringFunctions/arm_lms_norm_init_f32.o
LOAD ./rfduino_core/system/CMSIS/CMSIS/DSP_Lib/Source/FilteringFunctions/arm_lms_norm_init_q15.o
LOAD ./rfduino_core/system/CMSIS/CMSIS/DSP_Lib/Source/FilteringFunctions/arm_lms_norm_init_q31.o
LOAD ./rfduino_core/system/CMSIS/CMSIS/DSP_Lib/Source/FilteringFunctions/arm_lms_norm_q15.o
LOAD ./rfduino_core/system/CMSIS/CMSIS/DSP_Lib/Source/FilteringFunctions/arm_lms_norm_q31.o
LOAD ./rfduino_core/system/CMSIS/CMSIS/DSP_Lib/Source/FilteringFunctions/arm_lms_q15.o
LOAD ./rfduino_core/system/CMSIS/CMSIS/DSP_Lib/Source/FilteringFunctions/arm_lms_q31.o
LOAD ./rfduino_core/system/CMSIS/CMSIS/DSP_Lib/Source/FastMathFunctions/arm_cos_f32.o
LOAD ./rfduino_core/system/CMSIS/CMSIS/DSP_Lib/Source/FastMathFunctions/arm_cos_q15.o
LOAD ./rfduino_core/system/CMSIS/CMSIS/DSP_Lib/Source/FastMathFunctions/arm_cos_q31.o
LOAD ./rfduino_core/system/CMSIS/CMSIS/DSP_Lib/Source/FastMathFunctions/arm_sin_f32.o
LOAD ./rfduino_core/system/CMSIS/CMSIS/DSP_Lib/Source/FastMathFunctions/arm_sin_q15.o
LOAD ./rfduino_core/system/CMSIS/CMSIS/DSP_Lib/Source/FastMathFunctions/arm_sin_q31.o
LOAD ./rfduino_core/system/CMSIS/CMSIS/DSP_Lib/Source/FastMathFunctions/arm_sqrt_q15.o
LOAD ./rfduino_core/system/CMSIS/CMSIS/DSP_Lib/Source/FastMathFunctions/arm_sqrt_q31.o
LOAD ./rfduino_core/system/CMSIS/CMSIS/DSP_Lib/Source/ControllerFunctions/arm_pid_init_f32.o
LOAD ./rfduino_core/system/CMSIS/CMSIS/DSP_Lib/Source/ControllerFunctions/arm_pid_init_q15.o
LOAD ./rfduino_core/system/CMSIS/CMSIS/DSP_Lib/Source/ControllerFunctions/arm_pid_init_q31.o
LOAD ./rfduino_core/system/CMSIS/CMSIS/DSP_Lib/Source/ControllerFunctions/arm_pid_reset_f32.o
LOAD ./rfduino_core/system/CMSIS/CMSIS/DSP_Lib/Source/ControllerFunctions/arm_pid_reset_q15.o
LOAD ./rfduino_core/system/CMSIS/CMSIS/DSP_Lib/Source/ControllerFunctions/arm_pid_reset_q31.o
LOAD ./rfduino_core/system/CMSIS/CMSIS/DSP_Lib/Source/ControllerFunctions/arm_sin_cos_f32.o
LOAD ./rfduino_core/system/CMSIS/CMSIS/DSP_Lib/Source/ControllerFunctions/arm_sin_cos_q31.o
LOAD ./rfduino_core/system/CMSIS/CMSIS/DSP_Lib/Source/ComplexMathFunctions/arm_cmplx_conj_f32.o
LOAD ./rfduino_core/system/CMSIS/CMSIS/DSP_Lib/Source/ComplexMathFunctions/arm_cmplx_conj_q15.o
LOAD ./rfduino_core/system/CMSIS/CMSIS/DSP_Lib/Source/ComplexMathFunctions/arm_cmplx_conj_q31.o
LOAD ./rfduino_core/system/CMSIS/CMSIS/DSP_Lib/Source/ComplexMathFunctions/arm_cmplx_dot_prod_f32.o
LOAD ./rfduino_core/system/CMSIS/CMSIS/DSP_Lib/Source/ComplexMathFunctions/arm_cmplx_dot_prod_q15.o
LOAD ./rfduino_core/system/CMSIS/CMSIS/DSP_Lib/Source/ComplexMathFunctions/arm_cmplx_dot_prod_q31.o
LOAD ./rfduino_core/system/CMSIS/CMSIS/DSP_Lib/Source/ComplexMathFunctions/arm_cmplx_mag_f32.o
LOAD ./rfduino_core/system/CMSIS/CMSIS/DSP_Lib/Source/ComplexMathFunctions/arm_cmplx_mag_q15.o
LOAD ./rfduino_core/system/CMSIS/CMSIS/DSP_Lib/Source/ComplexMathFunctions/arm_cmplx_mag_q31.o
LOAD ./rfduino_core/system/CMSIS/CMSIS/DSP_Lib/Source/ComplexMathFunctions/arm_cmplx_mag_squared_f32.o
LOAD ./rfduino_core/system/CMSIS/CMSIS/DSP_Lib/Source/ComplexMathFunctions/arm_cmplx_mag_squared_q15.o
LOAD ./rfduino_core/system/CMSIS/CMSIS/DSP_Lib/Source/ComplexMathFunctions/arm_cmplx_mag_squared_q31.o
LOAD ./rfduino_core/system/CMSIS/CMSIS/DSP_Lib/Source/ComplexMathFunctions/arm_cmplx_mult_cmplx_f32.o
LOAD ./rfduino_core/system/CMSIS/CMSIS/DSP_Lib/Source/ComplexMathFunctions/arm_cmplx_mult_cmplx_q15.o
LOAD ./rfduino_core/system/CMSIS/CMSIS/DSP_Lib/Source/ComplexMathFunctions/arm_cmplx_mult_cmplx_q31.o
LOAD ./rfduino_core/system/CMSIS/CMSIS/DSP_Lib/Source/ComplexMathFunctions/arm_cmplx_mult_real_f32.o
LOAD ./rfduino_core/system/CMSIS/CMSIS/DSP_Lib/Source/ComplexMathFunctions/arm_cmplx_mult_real_q15.o
LOAD ./rfduino_core/system/CMSIS/CMSIS/DSP_Lib/Source/ComplexMathFunctions/arm_cmplx_mult_real_q31.o
LOAD ./rfduino_core/system/CMSIS/CMSIS/DSP_Lib/Source/CommonTables/arm_common_tables.o
LOAD ./rfduino_core/system/CMSIS/CMSIS/DSP_Lib/Source/BasicMathFunctions/arm_abs_f32.o
LOAD ./rfduino_core/system/CMSIS/CMSIS/DSP_Lib/Source/BasicMathFunctions/arm_abs_q15.o
LOAD ./rfduino_core/system/CMSIS/CMSIS/DSP_Lib/Source/BasicMathFunctions/arm_abs_q31.o
LOAD ./rfduino_core/system/CMSIS/CMSIS/DSP_Lib/Source/BasicMathFunctions/arm_abs_q7.o
LOAD ./rfduino_core/system/CMSIS/CMSIS/DSP_Lib/Source/BasicMathFunctions/arm_add_f32.o
LOAD ./rfduino_core/system/CMSIS/CMSIS/DSP_Lib/Source/BasicMathFunctions/arm_add_q15.o
LOAD ./rfduino_core/system/CMSIS/CMSIS/DSP_Lib/Source/BasicMathFunctions/arm_add_q31.o
LOAD ./rfduino_core/system/CMSIS/CMSIS/DSP_Lib/Source/BasicMathFunctions/arm_add_q7.o
LOAD ./rfduino_core/system/CMSIS/CMSIS/DSP_Lib/Source/BasicMathFunctions/arm_dot_prod_f32.o
LOAD ./rfduino_core/system/CMSIS/CMSIS/DSP_Lib/Source/BasicMathFunctions/arm_dot_prod_q15.o
LOAD ./rfduino_core/system/CMSIS/CMSIS/DSP_Lib/Source/BasicMathFunctions/arm_dot_prod_q31.o
LOAD ./rfduino_core/system/CMSIS/CMSIS/DSP_Lib/Source/BasicMathFunctions/arm_dot_prod_q7.o
LOAD ./rfduino_core/system/CMSIS/CMSIS/DSP_Lib/Source/BasicMathFunctions/arm_mult_f32.o
LOAD ./rfduino_core/system/CMSIS/CMSIS/DSP_Lib/Source/BasicMathFunctions/arm_mult_q15.o
LOAD ./rfduino_core/system/CMSIS/CMSIS/DSP_Lib/Source/BasicMathFunctions/arm_mult_q31.o
LOAD ./rfduino_core/system/CMSIS/CMSIS/DSP_Lib/Source/BasicMathFunctions/arm_mult_q7.o
LOAD ./rfduino_core/system/CMSIS/CMSIS/DSP_Lib/Source/BasicMathFunctions/arm_negate_f32.o
LOAD ./rfduino_core/system/CMSIS/CMSIS/DSP_Lib/Source/BasicMathFunctions/arm_negate_q15.o
LOAD ./rfduino_core/system/CMSIS/CMSIS/DSP_Lib/Source/BasicMathFunctions/arm_negate_q31.o
LOAD ./rfduino_core/system/CMSIS/CMSIS/DSP_Lib/Source/BasicMathFunctions/arm_negate_q7.o
LOAD ./rfduino_core/system/CMSIS/CMSIS/DSP_Lib/Source/BasicMathFunctions/arm_offset_f32.o
LOAD ./rfduino_core/system/CMSIS/CMSIS/DSP_Lib/Source/BasicMathFunctions/arm_offset_q15.o
LOAD ./rfduino_core/system/CMSIS/CMSIS/DSP_Lib/Source/BasicMathFunctions/arm_offset_q31.o
LOAD ./rfduino_core/system/CMSIS/CMSIS/DSP_Lib/Source/BasicMathFunctions/arm_offset_q7.o
LOAD ./rfduino_core/system/CMSIS/CMSIS/DSP_Lib/Source/BasicMathFunctions/arm_scale_f32.o
LOAD ./rfduino_core/system/CMSIS/CMSIS/DSP_Lib/Source/BasicMathFunctions/arm_scale_q15.o
LOAD ./rfduino_core/system/CMSIS/CMSIS/DSP_Lib/Source/BasicMathFunctions/arm_scale_q31.o
LOAD ./rfduino_core/system/CMSIS/CMSIS/DSP_Lib/Source/BasicMathFunctions/arm_scale_q7.o
LOAD ./rfduino_core/system/CMSIS/CMSIS/DSP_Lib/Source/BasicMathFunctions/arm_shift_q15.o
LOAD ./rfduino_core/system/CMSIS/CMSIS/DSP_Lib/Source/BasicMathFunctions/arm_shift_q31.o
LOAD ./rfduino_core/system/CMSIS/CMSIS/DSP_Lib/Source/BasicMathFunctions/arm_shift_q7.o
LOAD ./rfduino_core/system/CMSIS/CMSIS/DSP_Lib/Source/BasicMathFunctions/arm_sub_f32.o
LOAD ./rfduino_core/system/CMSIS/CMSIS/DSP_Lib/Source/BasicMathFunctions/arm_sub_q15.o
LOAD ./rfduino_core/system/CMSIS/CMSIS/DSP_Lib/Source/BasicMathFunctions/arm_sub_q31.o
LOAD ./rfduino_core/system/CMSIS/CMSIS/DSP_Lib/Source/BasicMathFunctions/arm_sub_q7.o
LOAD ./rfduino_core/libraries/RFduinoNonBLE/RFduinoNonBLE.o
LOAD ./rfduino_core/libraries/RFduinoGZLL/RFduinoGZLL.o
LOAD ./rfduino_core/libraries/RFduinoBLE/RFduinoBLE.o
LOAD ./rfduino_core/cores/arduino/Memory.o
LOAD ./rfduino_core/cores/arduino/Print.o
LOAD ./rfduino_core/cores/arduino/RingBuffer.o
LOAD ./rfduino_core/cores/arduino/Stream.o
LOAD ./rfduino_core/cores/arduino/Tone.o
LOAD ./rfduino_core/cores/arduino/UARTClass.o
LOAD ./rfduino_core/cores/arduino/WInterrupts.o
LOAD ./rfduino_core/cores/arduino/WMath.o
LOAD ./rfduino_core/cores/arduino/WString.o
LOAD ./rfduino_core/cores/arduino/hooks.o
LOAD ./rfduino_core/cores/arduino/itoa.o
LOAD ./rfduino_core/cores/arduino/main.o
LOAD ./rfduino_core/cores/arduino/syscalls.o
LOAD ./rfduino_core/cores/arduino/wiring.o
LOAD ./rfduino_core/cores/arduino/wiring_analog.o
LOAD ./rfduino_core/cores/arduino/wiring_digital.o
LOAD ./rfduino_core/cores/arduino/wiring_pulse.o
LOAD ./rfduino_core/cores/arduino/wiring_shift.o
LOAD ./rf_duino_template_main.o
LOAD /home/robin/Travail/ProjetSpé/vibrato/rf_duino_template_cross_gcc/rfduino_core/variants/RFduino/libRFduinoSystem.a
LOAD /home/robin/Travail/ProjetSpé/vibrato/rf_duino_template_cross_gcc/rfduino_core/variants/RFduino/libRFduino.a
LOAD /home/robin/Travail/ProjetSpé/vibrato/rf_duino_template_cross_gcc/rfduino_core/variants/RFduino/libRFduinoBLE.a
LOAD /home/robin/Travail/ProjetSpé/vibrato/rf_duino_template_cross_gcc/rfduino_core/variants/RFduino/libRFduinoGZLL.a
LOAD /home/robin/Documents/gcc-arm-none-eabi-5_3-2016q1/bin/../lib/gcc/arm-none-eabi/5.3.1/../../../../arm-none-eabi/lib/armv6-m/libstdc++.a
LOAD /home/robin/Documents/gcc-arm-none-eabi-5_3-2016q1/bin/../lib/gcc/arm-none-eabi/5.3.1/../../../../arm-none-eabi/lib/armv6-m/libm.a
START GROUP
LOAD /home/robin/Documents/gcc-arm-none-eabi-5_3-2016q1/bin/../lib/gcc/arm-none-eabi/5.3.1/armv6-m/libgcc.a
LOAD /home/robin/Documents/gcc-arm-none-eabi-5_3-2016q1/bin/../lib/gcc/arm-none-eabi/5.3.1/../../../../arm-none-eabi/lib/armv6-m/libc.a
END GROUP
LOAD /home/robin/Documents/gcc-arm-none-eabi-5_3-2016q1/bin/../lib/gcc/arm-none-eabi/5.3.1/armv6-m/crtend.o
LOAD /home/robin/Documents/gcc-arm-none-eabi-5_3-2016q1/bin/../lib/gcc/arm-none-eabi/5.3.1/armv6-m/crtn.o

.text           0x0001f000    0x15164
                0x0001f000                . = ALIGN (0x4)
                0x0001f000                _sfixed = .
 *(.vectors .vectors.*)
 .vectors       0x0001f000       0xc0 ./rfduino_core/system/RFduino/source/startup_nrf51822.o
                0x0001f000                vector_table
 *(.text .text.* .gnu.linkonce.t.*)
 .text          0x0001f0c0       0x60 /home/robin/Documents/gcc-arm-none-eabi-5_3-2016q1/bin/../lib/gcc/arm-none-eabi/5.3.1/armv6-m/crtbegin.o
 .text._Z15UART0_Interruptv
                0x0001f120       0x10 ./rfduino_core/variants/RFduino/variant.o
                0x0001f120                UART0_Interrupt()
 .text.rtc_config
                0x0001f130       0x34 ./rfduino_core/variants/RFduino/variant.o
                0x0001f130                rtc_config
 .text.init     0x0001f164        0x8 ./rfduino_core/variants/RFduino/variant.o
                0x0001f164                init
 .text.UART0_BaudRate
                0x0001f16c      0x124 ./rfduino_core/variants/RFduino/variant.o
                0x0001f16c                UART0_BaudRate
 .text.UART0_TXD
                0x0001f290       0x20 ./rfduino_core/variants/RFduino/variant.o
                0x0001f290                UART0_TXD
 .text.UART0_RXReset
                0x0001f2b0        0xc ./rfduino_core/variants/RFduino/variant.o
                0x0001f2b0                UART0_RXReset
 .text.UART0_TXReset
                0x0001f2bc        0xc ./rfduino_core/variants/RFduino/variant.o
                0x0001f2bc                UART0_TXReset
 .text.UART0_RXErrorReset
                0x0001f2c8       0x28 ./rfduino_core/variants/RFduino/variant.o
                0x0001f2c8                UART0_RXErrorReset
 .text.startup._GLOBAL__sub_I_rxBuffer
                0x0001f2f0       0x2c ./rfduino_core/variants/RFduino/variant.o
 .text.UART0_Stop
                0x0001f31c       0x4c ./rfduino_core/variants/RFduino/variant.o
                0x0001f31c                UART0_Stop
 .text.UART0_TX
                0x0001f368       0x10 ./rfduino_core/variants/RFduino/variant.o
                0x0001f368                UART0_TX
 .text.UART0_Start
                0x0001f378      0x1d4 ./rfduino_core/variants/RFduino/variant.o
                0x0001f378                UART0_Start
 .text.Default_Handler
                0x0001f54c       0x1c ./rfduino_core/system/RFduino/source/startup_nrf51822.o
                0x0001f54c                SPI0_TWI0_IRQHandler
                0x0001f54c                RTC0_IRQHandler
                0x0001f54c                HardFault_Handler
                0x0001f54c                SysTick_Handler
                0x0001f54c                GPIOTE_IRQHandler
                0x0001f54c                PendSV_Handler
                0x0001f54c                NMI_Handler
                0x0001f54c                POWER_CLOCK_IRQHandler
                0x0001f54c                SWI4_IRQHandler
                0x0001f54c                TEMP_IRQHandler
                0x0001f54c                QDEC_IRQHandler
                0x0001f54c                UART0_IRQHandler
                0x0001f54c                SWI5_IRQHandler
                0x0001f54c                TIMER0_IRQHandler
                0x0001f54c                TIMER1_IRQHandler
                0x0001f54c                ECB_IRQHandler
                0x0001f54c                Default_Handler
                0x0001f54c                ADC_IRQHandler
                0x0001f54c                SWI3_IRQHandler
                0x0001f54c                CCM_AAR_IRQHandler
                0x0001f54c                WDT_IRQHandler
                0x0001f54c                SVC_Handler
                0x0001f54c                RNG_IRQHandler
                0x0001f54c                SPI1_TWI1_IRQHandler
                0x0001f54c                RTC1_IRQHandler
                0x0001f54c                WUCOMP_IRQHandler
 .text.Default_Dynamic_Handler
                0x0001f568        0x2 ./rfduino_core/system/RFduino/source/startup_nrf51822.o
                0x0001f568                Default_Dynamic_Handler
 *fill*         0x0001f56a        0x2 
 .text.Reset_Handler
                0x0001f56c       0x50 ./rfduino_core/system/RFduino/source/startup_nrf51822.o
                0x0001f56c                Reset_Handler
 .text.SystemInit
                0x0001f5bc       0x2c ./rfduino_core/system/RFduino/source/system_nrf51.o
                0x0001f5bc                SystemInit
 .text.arm_bitreversal_q15
                0x0001f5e8       0x70 ./rfduino_core/system/CMSIS/CMSIS/DSP_Lib/Source/TransformFunctions/arm_bitreversal.o
                0x0001f5e8                arm_bitreversal_q15
 .text.arm_cfft_radix4_init_q15
                0x0001f658       0x80 ./rfduino_core/system/CMSIS/CMSIS/DSP_Lib/Source/TransformFunctions/arm_cfft_radix4_init_q15.o
                0x0001f658                arm_cfft_radix4_init_q15
 .text.__SSAT.constprop.0
                0x0001f6d8       0x22 ./rfduino_core/system/CMSIS/CMSIS/DSP_Lib/Source/TransformFunctions/arm_cfft_radix4_q15.o
 .text.arm_radix4_butterfly_q15
                0x0001f6fa      0x5c4 ./rfduino_core/system/CMSIS/CMSIS/DSP_Lib/Source/TransformFunctions/arm_cfft_radix4_q15.o
                0x0001f6fa                arm_radix4_butterfly_q15
 .text.arm_radix4_butterfly_inverse_q15
                0x0001fcbe      0x5aa ./rfduino_core/system/CMSIS/CMSIS/DSP_Lib/Source/TransformFunctions/arm_cfft_radix4_q15.o
                0x0001fcbe                arm_radix4_butterfly_inverse_q15
 .text.arm_rfft_init_q15
                0x00020268       0x74 ./rfduino_core/system/CMSIS/CMSIS/DSP_Lib/Source/TransformFunctions/arm_rfft_init_q15.o
                0x00020268                arm_rfft_init_q15
 .text.arm_split_rfft_q15
                0x000202dc      0x10c ./rfduino_core/system/CMSIS/CMSIS/DSP_Lib/Source/TransformFunctions/arm_rfft_q15.o
                0x000202dc                arm_split_rfft_q15
 .text.arm_split_rifft_q15
                0x000203e8       0xa6 ./rfduino_core/system/CMSIS/CMSIS/DSP_Lib/Source/TransformFunctions/arm_rfft_q15.o
                0x000203e8                arm_split_rifft_q15
 .text.arm_rfft_q15
                0x0002048e       0x74 ./rfduino_core/system/CMSIS/CMSIS/DSP_Lib/Source/TransformFunctions/arm_rfft_q15.o
                0x0002048e                arm_rfft_q15
 *fill*         0x00020502        0x2 
 .text._ZN16RFduinoGZLLClassC2Ev
                0x00020504       0x18 ./rfduino_core/libraries/RFduinoGZLL/RFduinoGZLL.o
                0x00020504                RFduinoGZLLClass::RFduinoGZLLClass()
                0x00020504                RFduinoGZLLClass::RFduinoGZLLClass()
 .text.startup._GLOBAL__sub_I__ZN16RFduinoGZLLClassC2Ev
                0x0002051c       0x10 ./rfduino_core/libraries/RFduinoGZLL/RFduinoGZLL.o
 .text._ZN15RFduinoBLEClassC2Ev
                0x0002052c       0x68 ./rfduino_core/libraries/RFduinoBLE/RFduinoBLE.o
                0x0002052c                RFduinoBLEClass::RFduinoBLEClass()
                0x0002052c                RFduinoBLEClass::RFduinoBLEClass()
 .text._ZN15RFduinoBLEClass5beginEv
                0x00020594       0xc0 ./rfduino_core/libraries/RFduinoBLE/RFduinoBLE.o
                0x00020594                RFduinoBLEClass::begin()
 .text.startup._GLOBAL__sub_I__ZN15RFduinoBLEClass11radioActiveE
                0x00020654       0x10 ./rfduino_core/libraries/RFduinoBLE/RFduinoBLE.o
 .text._ZN5Print5writeEPKhj
                0x00020664       0x22 ./rfduino_core/cores/arduino/Print.o
                0x00020664                Print::write(unsigned char const*, unsigned int)
 .text._ZN5Print5writeEPKc
                0x00020686       0x1c ./rfduino_core/cores/arduino/Print.o
                0x00020686                Print::write(char const*)
 .text._ZN5Print5printEPKc
                0x000206a2        0x8 ./rfduino_core/cores/arduino/Print.o
                0x000206a2                Print::print(char const*)
 .text._ZN5Print5printEc
                0x000206aa        0xa ./rfduino_core/cores/arduino/Print.o
                0x000206aa                Print::print(char)
 .text._ZN5Print7printlnEv
                0x000206b4       0x18 ./rfduino_core/cores/arduino/Print.o
                0x000206b4                Print::println()
 .text._ZN5Print7printlnEPKc
                0x000206cc       0x14 ./rfduino_core/cores/arduino/Print.o
                0x000206cc                Print::println(char const*)
 .text._ZN5Print11printNumberEmh
                0x000206e0       0x4c ./rfduino_core/cores/arduino/Print.o
                0x000206e0                Print::printNumber(unsigned long, unsigned char)
 .text._ZN5Print5printEmi
                0x0002072c       0x18 ./rfduino_core/cores/arduino/Print.o
                0x0002072c                Print::print(unsigned long, int)
 .text._ZN5Print5printEhi
                0x00020744        0x8 ./rfduino_core/cores/arduino/Print.o
                0x00020744                Print::print(unsigned char, int)
 .text._ZN5Print5printEli
                0x0002074c       0x40 ./rfduino_core/cores/arduino/Print.o
                0x0002074c                Print::print(long, int)
 .text._ZN5Print5printEii
                0x0002078c        0x8 ./rfduino_core/cores/arduino/Print.o
                0x0002078c                Print::print(int, int)
 .text._ZN5Print7printlnEii
                0x00020794       0x14 ./rfduino_core/cores/arduino/Print.o
                0x00020794                Print::println(int, int)
 .text._ZN10RingBufferC2Ev
                0x000207a8       0x16 ./rfduino_core/cores/arduino/RingBuffer.o
                0x000207a8                RingBuffer::RingBuffer()
                0x000207a8                RingBuffer::RingBuffer()
 .text._ZN10RingBuffer10store_charEh
                0x000207be       0x16 ./rfduino_core/cores/arduino/RingBuffer.o
                0x000207be                RingBuffer::store_char(unsigned char)
 .text._ZN9UARTClasscvbEv
                0x000207d4        0x4 ./rfduino_core/cores/arduino/UARTClass.o
                0x000207d4                UARTClass::operator bool()
 .text._ZN9UARTClass5beginEm
                0x000207d8        0xe ./rfduino_core/cores/arduino/UARTClass.o
                0x000207d8                UARTClass::begin(unsigned long)
 .text._ZN9UARTClass9availableEv
                0x000207e6       0x10 ./rfduino_core/cores/arduino/UARTClass.o
                0x000207e6                UARTClass::available()
 .text._ZN9UARTClass4peekEv
                0x000207f6       0x16 ./rfduino_core/cores/arduino/UARTClass.o
                0x000207f6                UARTClass::peek()
 .text._ZN9UARTClass4readEv
                0x0002080c       0x20 ./rfduino_core/cores/arduino/UARTClass.o
                0x0002080c                UARTClass::read()
 .text._ZN9UARTClass5flushEv
                0x0002082c        0x8 ./rfduino_core/cores/arduino/UARTClass.o
                0x0002082c                UARTClass::flush()
 .text._ZN9UARTClass5beginEmhh
                0x00020834       0x14 ./rfduino_core/cores/arduino/UARTClass.o
                0x00020834                UARTClass::begin(unsigned long, unsigned char, unsigned char)
 .text._ZN9UARTClass3endEv
                0x00020848       0x10 ./rfduino_core/cores/arduino/UARTClass.o
                0x00020848                UARTClass::end()
 .text._ZN9UARTClassC2EP10RingBufferS1_
                0x00020858       0x1c ./rfduino_core/cores/arduino/UARTClass.o
                0x00020858                UARTClass::UARTClass(RingBuffer*, RingBuffer*)
                0x00020858                UARTClass::UARTClass(RingBuffer*, RingBuffer*)
 .text._ZN9UARTClass2txEv
                0x00020874       0x2a ./rfduino_core/cores/arduino/UARTClass.o
                0x00020874                UARTClass::tx()
 *fill*         0x0002089e        0x2 
 .text._ZN9UARTClass5writeEh
                0x000208a0       0x44 ./rfduino_core/cores/arduino/UARTClass.o
                0x000208a0                UARTClass::write(unsigned char)
 .text._ZN9UARTClass10IrqHandlerEv
                0x000208e4       0x54 ./rfduino_core/cores/arduino/UARTClass.o
                0x000208e4                UARTClass::IrqHandler()
 .text.attachInterrupt
                0x00020938       0x14 ./rfduino_core/cores/arduino/WInterrupts.o
                0x00020938                attachInterrupt
 .text.detachInterrupt
                0x0002094c       0x18 ./rfduino_core/cores/arduino/WInterrupts.o
                0x0002094c                detachInterrupt
 .text.startup.main
                0x00020964       0x10 ./rfduino_core/cores/arduino/main.o
                0x00020964                main
 .text._sbrk    0x00020974       0x20 ./rfduino_core/cores/arduino/syscalls.o
                0x00020974                _sbrk
 .text.RTC1_Interrupt
                0x00020994       0x3c ./rfduino_core/cores/arduino/wiring.o
                0x00020994                RTC1_Interrupt
 .text.mapResolution
                0x000209d0       0x18 ./rfduino_core/cores/arduino/wiring_analog.o
 .text.analogRead
                0x000209e8       0xb4 ./rfduino_core/cores/arduino/wiring_analog.o
                0x000209e8                analogRead
 .text._Z10calcul_fftv
                0x00020a9c       0x4c ./rf_duino_template_main.o
                0x00020a9c                calcul_fft()
 .text.loop     0x00020ae8       0x58 ./rf_duino_template_main.o
                0x00020ae8                loop
 .text.RFduinoBLE_onReceive
                0x00020b40       0x54 ./rf_duino_template_main.o
                0x00020b40                RFduinoBLE_onReceive
 .text.setup    0x00020b94       0x2c ./rf_duino_template_main.o
                0x00020b94                setup
 .text.sd_nvic_EnableIRQ
                0x00020bc0        0x4 /home/robin/Travail/ProjetSpé/vibrato/rf_duino_template_cross_gcc/rfduino_core/variants/RFduino/libRFduino.a(libRFduino.o)
 .text.sd_nvic_DisableIRQ
                0x00020bc4        0x4 /home/robin/Travail/ProjetSpé/vibrato/rf_duino_template_cross_gcc/rfduino_core/variants/RFduino/libRFduino.a(libRFduino.o)
 .text.sd_nvic_SetPriority
                0x00020bc8        0x4 /home/robin/Travail/ProjetSpé/vibrato/rf_duino_template_cross_gcc/rfduino_core/variants/RFduino/libRFduino.a(libRFduino.o)
 .text.NVIC_SetPriority
                0x00020bcc       0x64 /home/robin/Travail/ProjetSpé/vibrato/rf_duino_template_cross_gcc/rfduino_core/variants/RFduino/libRFduino.a(libRFduino.o)
 .text.rfduino_nvic_enableirq
                0x00020c30       0x40 /home/robin/Travail/ProjetSpé/vibrato/rf_duino_template_cross_gcc/rfduino_core/variants/RFduino/libRFduino.a(libRFduino.o)
                0x00020c30                rfduino_nvic_enableirq
 .text.rfduino_nvic_disableirq
                0x00020c70       0x2c /home/robin/Travail/ProjetSpé/vibrato/rf_duino_template_cross_gcc/rfduino_core/variants/RFduino/libRFduino.a(libRFduino.o)
                0x00020c70                rfduino_nvic_disableirq
 .text.NVIC_SystemReset
                0x00020c9c       0x18 /home/robin/Travail/ProjetSpé/vibrato/rf_duino_template_cross_gcc/rfduino_core/variants/RFduino/libRFduinoBLE.a(libRFduinoBLE.o)
 .text.sd_ble_gap_adv_data_set
                0x00020cb4        0x4 /home/robin/Travail/ProjetSpé/vibrato/rf_duino_template_cross_gcc/rfduino_core/variants/RFduino/libRFduinoBLE.a(libRFduinoBLE.o)
 .text.sd_ble_gap_adv_start
                0x00020cb8        0x4 /home/robin/Travail/ProjetSpé/vibrato/rf_duino_template_cross_gcc/rfduino_core/variants/RFduino/libRFduinoBLE.a(libRFduinoBLE.o)
 .text.sd_ble_gap_tx_power_set
                0x00020cbc        0x4 /home/robin/Travail/ProjetSpé/vibrato/rf_duino_template_cross_gcc/rfduino_core/variants/RFduino/libRFduinoBLE.a(libRFduinoBLE.o)
 .text.sd_ble_gap_ppcp_set
                0x00020cc0        0x4 /home/robin/Travail/ProjetSpé/vibrato/rf_duino_template_cross_gcc/rfduino_core/variants/RFduino/libRFduinoBLE.a(libRFduinoBLE.o)
 .text.sd_ble_gap_device_name_set
                0x00020cc4        0x4 /home/robin/Travail/ProjetSpé/vibrato/rf_duino_template_cross_gcc/rfduino_core/variants/RFduino/libRFduinoBLE.a(libRFduinoBLE.o)
 .text.sd_ble_gap_sec_params_reply
                0x00020cc8        0x4 /home/robin/Travail/ProjetSpé/vibrato/rf_duino_template_cross_gcc/rfduino_core/variants/RFduino/libRFduinoBLE.a(libRFduinoBLE.o)
 .text.sd_ble_gap_rssi_start
                0x00020ccc        0x4 /home/robin/Travail/ProjetSpé/vibrato/rf_duino_template_cross_gcc/rfduino_core/variants/RFduino/libRFduinoBLE.a(libRFduinoBLE.o)
 .text.sd_ble_gap_rssi_stop
                0x00020cd0        0x4 /home/robin/Travail/ProjetSpé/vibrato/rf_duino_template_cross_gcc/rfduino_core/variants/RFduino/libRFduinoBLE.a(libRFduinoBLE.o)
 .text.sd_softdevice_enable
                0x00020cd4        0x4 /home/robin/Travail/ProjetSpé/vibrato/rf_duino_template_cross_gcc/rfduino_core/variants/RFduino/libRFduinoBLE.a(libRFduinoBLE.o)
 .text.softdevice_assertion_handler
                0x00020cd8        0x6 /home/robin/Travail/ProjetSpé/vibrato/rf_duino_template_cross_gcc/rfduino_core/variants/RFduino/libRFduinoBLE.a(libRFduinoBLE.o)
                0x00020cd8                softdevice_assertion_handler
 .text.bond_manager_error_handler
                0x00020cde        0x6 /home/robin/Travail/ProjetSpé/vibrato/rf_duino_template_cross_gcc/rfduino_core/variants/RFduino/libRFduinoBLE.a(libRFduinoBLE.o)
 .text.advertising_start
                0x00020ce4       0x28 /home/robin/Travail/ProjetSpé/vibrato/rf_duino_template_cross_gcc/rfduino_core/variants/RFduino/libRFduinoBLE.a(libRFduinoBLE.o)
 .text.ble_evt_dispatch
                0x00020d0c       0xfc /home/robin/Travail/ProjetSpé/vibrato/rf_duino_template_cross_gcc/rfduino_core/variants/RFduino/libRFduinoBLE.a(libRFduinoBLE.o)
 .text.radio_active_evt
                0x00020e08       0x10 /home/robin/Travail/ProjetSpé/vibrato/rf_duino_template_cross_gcc/rfduino_core/variants/RFduino/libRFduinoBLE.a(libRFduinoBLE.o)
 .text.app_error_handler
                0x00020e18        0x6 /home/robin/Travail/ProjetSpé/vibrato/rf_duino_template_cross_gcc/rfduino_core/variants/RFduino/libRFduinoBLE.a(libRFduinoBLE.o)
                0x00020e18                app_error_handler
 .text.assert_nrf_callback
                0x00020e1e        0x6 /home/robin/Travail/ProjetSpé/vibrato/rf_duino_template_cross_gcc/rfduino_core/variants/RFduino/libRFduinoBLE.a(libRFduinoBLE.o)
                0x00020e1e                assert_nrf_callback
 *fill*         0x00020e24        0x4 
 .text.RFduinoBLE_begin
                0x00020e28      0x390 /home/robin/Travail/ProjetSpé/vibrato/rf_duino_template_cross_gcc/rfduino_core/variants/RFduino/libRFduinoBLE.a(libRFduinoBLE.o)
                0x00020e28                RFduinoBLE_begin
 .text.sd_ble_gap_disconnect
                0x000211b8        0x4 /home/robin/Travail/ProjetSpé/vibrato/rf_duino_template_cross_gcc/rfduino_core/variants/RFduino/libRFduinoBLE.a(ble_RFduino.o)
 .text.sd_ble_gatts_service_add
                0x000211bc        0x4 /home/robin/Travail/ProjetSpé/vibrato/rf_duino_template_cross_gcc/rfduino_core/variants/RFduino/libRFduinoBLE.a(ble_RFduino.o)
 .text.sd_ble_gatts_characteristic_add
                0x000211c0        0x4 /home/robin/Travail/ProjetSpé/vibrato/rf_duino_template_cross_gcc/rfduino_core/variants/RFduino/libRFduinoBLE.a(ble_RFduino.o)
 .text.sd_ble_uuid_vs_add
                0x000211c4        0x4 /home/robin/Travail/ProjetSpé/vibrato/rf_duino_template_cross_gcc/rfduino_core/variants/RFduino/libRFduinoBLE.a(ble_RFduino.o)
 .text.xdigit   0x000211c8       0x1e /home/robin/Travail/ProjetSpé/vibrato/rf_duino_template_cross_gcc/rfduino_core/variants/RFduino/libRFduinoBLE.a(ble_RFduino.o)
 *fill*         0x000211e6        0x2 
 .text.ble_rfduino_on_ble_evt
                0x000211e8       0x4c /home/robin/Travail/ProjetSpé/vibrato/rf_duino_template_cross_gcc/rfduino_core/variants/RFduino/libRFduinoBLE.a(ble_RFduino.o)
                0x000211e8                ble_rfduino_on_ble_evt
 .text.ble_rfduino_init
                0x00021234      0x280 /home/robin/Travail/ProjetSpé/vibrato/rf_duino_template_cross_gcc/rfduino_core/variants/RFduino/libRFduinoBLE.a(ble_RFduino.o)
                0x00021234                ble_rfduino_init
 .text.sd_ble_gap_adv_data_set
                0x000214b4        0x4 /home/robin/Travail/ProjetSpé/vibrato/rf_duino_template_cross_gcc/rfduino_core/variants/RFduino/libRFduinoBLE.a(ble_advdata.o)
 .text.sd_ble_gap_appearance_get
                0x000214b8        0x4 /home/robin/Travail/ProjetSpé/vibrato/rf_duino_template_cross_gcc/rfduino_core/variants/RFduino/libRFduinoBLE.a(ble_advdata.o)
 .text.sd_ble_gap_device_name_get
                0x000214bc        0x4 /home/robin/Travail/ProjetSpé/vibrato/rf_duino_template_cross_gcc/rfduino_core/variants/RFduino/libRFduinoBLE.a(ble_advdata.o)
 .text.sd_ble_uuid_encode
                0x000214c0        0x4 /home/robin/Travail/ProjetSpé/vibrato/rf_duino_template_cross_gcc/rfduino_core/variants/RFduino/libRFduinoBLE.a(ble_advdata.o)
 .text.uuid_list_sized_encode
                0x000214c4       0xa4 /home/robin/Travail/ProjetSpé/vibrato/rf_duino_template_cross_gcc/rfduino_core/variants/RFduino/libRFduinoBLE.a(ble_advdata.o)
 .text.uuid_list_encode
                0x00021568       0x26 /home/robin/Travail/ProjetSpé/vibrato/rf_duino_template_cross_gcc/rfduino_core/variants/RFduino/libRFduinoBLE.a(ble_advdata.o)
 *fill*         0x0002158e        0x2 
 .text.adv_data_encode
                0x00021590      0x2d4 /home/robin/Travail/ProjetSpé/vibrato/rf_duino_template_cross_gcc/rfduino_core/variants/RFduino/libRFduinoBLE.a(ble_advdata.o)
 .text.ble_advdata_set
                0x00021864       0x70 /home/robin/Travail/ProjetSpé/vibrato/rf_duino_template_cross_gcc/rfduino_core/variants/RFduino/libRFduinoBLE.a(ble_advdata.o)
                0x00021864                ble_advdata_set
 .text.sd_ble_evt_get
                0x000218d4        0x4 /home/robin/Travail/ProjetSpé/vibrato/rf_duino_template_cross_gcc/rfduino_core/variants/RFduino/libRFduinoBLE.a(ble_stack_handler.o)
 .text.sd_nvic_EnableIRQ
                0x000218d8        0x4 /home/robin/Travail/ProjetSpé/vibrato/rf_duino_template_cross_gcc/rfduino_core/variants/RFduino/libRFduinoBLE.a(ble_stack_handler.o)
 .text.sd_softdevice_enable
                0x000218dc        0x4 /home/robin/Travail/ProjetSpé/vibrato/rf_duino_template_cross_gcc/rfduino_core/variants/RFduino/libRFduinoBLE.a(ble_stack_handler.o)
 .text.softdevice_assertion_handler
                0x000218e0        0xc /home/robin/Travail/ProjetSpé/vibrato/rf_duino_template_cross_gcc/rfduino_core/variants/RFduino/libRFduinoBLE.a(ble_stack_handler.o)
 .text.ble_stack_handler_init
                0x000218ec       0x48 /home/robin/Travail/ProjetSpé/vibrato/rf_duino_template_cross_gcc/rfduino_core/variants/RFduino/libRFduinoBLE.a(ble_stack_handler.o)
                0x000218ec                ble_stack_handler_init
 .text.intern_ble_stack_events_execute
                0x00021934       0x40 /home/robin/Travail/ProjetSpé/vibrato/rf_duino_template_cross_gcc/rfduino_core/variants/RFduino/libRFduinoBLE.a(ble_stack_handler.o)
                0x00021934                intern_ble_stack_events_execute
 .text.SWI2_IRQHandler
                0x00021974       0x28 /home/robin/Travail/ProjetSpé/vibrato/rf_duino_template_cross_gcc/rfduino_core/variants/RFduino/libRFduinoBLE.a(ble_stack_handler.o)
                0x00021974                SWI2_IRQHandler
 .text.sd_ble_gap_sec_info_reply
                0x0002199c        0x4 /home/robin/Travail/ProjetSpé/vibrato/rf_duino_template_cross_gcc/rfduino_core/variants/RFduino/libRFduinoBLE.a(ble_bondmngr.o)
 .text.sd_ble_gatts_sys_attr_set
                0x000219a0        0x4 /home/robin/Travail/ProjetSpé/vibrato/rf_duino_template_cross_gcc/rfduino_core/variants/RFduino/libRFduinoBLE.a(ble_bondmngr.o)
 .text.sd_ble_gatts_sys_attr_get
                0x000219a4        0x4 /home/robin/Travail/ProjetSpé/vibrato/rf_duino_template_cross_gcc/rfduino_core/variants/RFduino/libRFduinoBLE.a(ble_bondmngr.o)
 .text.update_whitelist
                0x000219a8       0x74 /home/robin/Travail/ProjetSpé/vibrato/rf_duino_template_cross_gcc/rfduino_core/variants/RFduino/libRFduinoBLE.a(ble_bondmngr.o)
 .text.master_find_in_db
                0x00021a1c       0x44 /home/robin/Travail/ProjetSpé/vibrato/rf_duino_template_cross_gcc/rfduino_core/variants/RFduino/libRFduinoBLE.a(ble_bondmngr.o)
 .text.master_sys_attr_set.isra.0
                0x00021a60       0x24 /home/robin/Travail/ProjetSpé/vibrato/rf_duino_template_cross_gcc/rfduino_core/variants/RFduino/libRFduinoBLE.a(ble_bondmngr.o)
 .text.bond_info_store
                0x00021a84       0x94 /home/robin/Travail/ProjetSpé/vibrato/rf_duino_template_cross_gcc/rfduino_core/variants/RFduino/libRFduinoBLE.a(ble_bondmngr.o)
 .text.sys_attr_store
                0x00021b18       0x94 /home/robin/Travail/ProjetSpé/vibrato/rf_duino_template_cross_gcc/rfduino_core/variants/RFduino/libRFduinoBLE.a(ble_bondmngr.o)
 .text.flash_pages_erase
                0x00021bac       0x1c /home/robin/Travail/ProjetSpé/vibrato/rf_duino_template_cross_gcc/rfduino_core/variants/RFduino/libRFduinoBLE.a(ble_bondmngr.o)
 .text.ble_bondmngr_on_ble_evt
                0x00021bc8      0x350 /home/robin/Travail/ProjetSpé/vibrato/rf_duino_template_cross_gcc/rfduino_core/variants/RFduino/libRFduinoBLE.a(ble_bondmngr.o)
                0x00021bc8                ble_bondmngr_on_ble_evt
 .text.ble_bondmngr_bonded_masters_store
                0x00021f18      0x164 /home/robin/Travail/ProjetSpé/vibrato/rf_duino_template_cross_gcc/rfduino_core/variants/RFduino/libRFduinoBLE.a(ble_bondmngr.o)
                0x00021f18                ble_bondmngr_bonded_masters_store
 .text.ble_bondmngr_init
                0x0002207c      0x228 /home/robin/Travail/ProjetSpé/vibrato/rf_duino_template_cross_gcc/rfduino_core/variants/RFduino/libRFduinoBLE.a(ble_bondmngr.o)
                0x0002207c                ble_bondmngr_init
 .text.sd_app_event_wait
                0x000222a4        0x4 /home/robin/Travail/ProjetSpé/vibrato/rf_duino_template_cross_gcc/rfduino_core/variants/RFduino/libRFduinoBLE.a(ble_flash.o)
 .text.flash_page_erase
                0x000222a8       0x44 /home/robin/Travail/ProjetSpé/vibrato/rf_duino_template_cross_gcc/rfduino_core/variants/RFduino/libRFduinoBLE.a(ble_flash.o)
 .text.flash_word_write
                0x000222ec       0x44 /home/robin/Travail/ProjetSpé/vibrato/rf_duino_template_cross_gcc/rfduino_core/variants/RFduino/libRFduinoBLE.a(ble_flash.o)
 .text.ble_flash_crc16_compute
                0x00022330       0x3c /home/robin/Travail/ProjetSpé/vibrato/rf_duino_template_cross_gcc/rfduino_core/variants/RFduino/libRFduinoBLE.a(ble_flash.o)
                0x00022330                ble_flash_crc16_compute
 .text.ble_flash_word_write
                0x0002236c        0xa /home/robin/Travail/ProjetSpé/vibrato/rf_duino_template_cross_gcc/rfduino_core/variants/RFduino/libRFduinoBLE.a(ble_flash.o)
                0x0002236c                ble_flash_word_write
 .text.ble_flash_block_write
                0x00022376       0x22 /home/robin/Travail/ProjetSpé/vibrato/rf_duino_template_cross_gcc/rfduino_core/variants/RFduino/libRFduinoBLE.a(ble_flash.o)
                0x00022376                ble_flash_block_write
 .text.ble_flash_page_erase
                0x00022398       0x14 /home/robin/Travail/ProjetSpé/vibrato/rf_duino_template_cross_gcc/rfduino_core/variants/RFduino/libRFduinoBLE.a(ble_flash.o)
                0x00022398                ble_flash_page_erase
 .text.ble_flash_page_addr
                0x000223ac       0x10 /home/robin/Travail/ProjetSpé/vibrato/rf_duino_template_cross_gcc/rfduino_core/variants/RFduino/libRFduinoBLE.a(ble_flash.o)
                0x000223ac                ble_flash_page_addr
 .text.ble_flash_on_radio_active_evt
                0x000223bc        0xc /home/robin/Travail/ProjetSpé/vibrato/rf_duino_template_cross_gcc/rfduino_core/variants/RFduino/libRFduinoBLE.a(ble_flash.o)
                0x000223bc                ble_flash_on_radio_active_evt
 .text.sd_nvic_EnableIRQ
                0x000223c8        0x4 /home/robin/Travail/ProjetSpé/vibrato/rf_duino_template_cross_gcc/rfduino_core/variants/RFduino/libRFduinoBLE.a(ble_radio_notification.o)
 .text.sd_nvic_ClearPendingIRQ
                0x000223cc        0x4 /home/robin/Travail/ProjetSpé/vibrato/rf_duino_template_cross_gcc/rfduino_core/variants/RFduino/libRFduinoBLE.a(ble_radio_notification.o)
 .text.sd_nvic_SetPriority
                0x000223d0        0x4 /home/robin/Travail/ProjetSpé/vibrato/rf_duino_template_cross_gcc/rfduino_core/variants/RFduino/libRFduinoBLE.a(ble_radio_notification.o)
 .text.sd_radio_notification_cfg_set
                0x000223d4        0x4 /home/robin/Travail/ProjetSpé/vibrato/rf_duino_template_cross_gcc/rfduino_core/variants/RFduino/libRFduinoBLE.a(ble_radio_notification.o)
 .text.SWI1_IRQHandler
                0x000223d8       0x20 /home/robin/Travail/ProjetSpé/vibrato/rf_duino_template_cross_gcc/rfduino_core/variants/RFduino/libRFduinoBLE.a(ble_radio_notification.o)
                0x000223d8                SWI1_IRQHandler
 .text.ble_radio_notification_init
                0x000223f8       0x38 /home/robin/Travail/ProjetSpé/vibrato/rf_duino_template_cross_gcc/rfduino_core/variants/RFduino/libRFduinoBLE.a(ble_radio_notification.o)
                0x000223f8                ble_radio_notification_init
 .text.nrf_gzll_host_rx_data_ready
                0x00022430       0x38 /home/robin/Travail/ProjetSpé/vibrato/rf_duino_template_cross_gcc/rfduino_core/variants/RFduino/libRFduinoGZLL.a(libRFduinoGZLL.o)
                0x00022430                nrf_gzll_host_rx_data_ready
 .text.nrf_gzll_device_tx_success
                0x00022468       0x40 /home/robin/Travail/ProjetSpé/vibrato/rf_duino_template_cross_gcc/rfduino_core/variants/RFduino/libRFduinoGZLL.a(libRFduinoGZLL.o)
                0x00022468                nrf_gzll_device_tx_success
 .text.nrf_gzll_device_tx_failed
                0x000224a8        0x6 /home/robin/Travail/ProjetSpé/vibrato/rf_duino_template_cross_gcc/rfduino_core/variants/RFduino/libRFduinoGZLL.a(libRFduinoGZLL.o)
                0x000224a8                nrf_gzll_device_tx_failed
 .text.nrf_gzll_disabled
                0x000224ae        0x2 /home/robin/Travail/ProjetSpé/vibrato/rf_duino_template_cross_gcc/rfduino_core/variants/RFduino/libRFduinoGZLL.a(libRFduinoGZLL.o)
                0x000224ae                nrf_gzll_disabled
 .text          0x000224b0      0x8cc /home/robin/Travail/ProjetSpé/vibrato/rf_duino_template_cross_gcc/rfduino_core/variants/RFduino/libRFduinoGZLL.a(nrf_gzll.o)
                0x000224b0                notification_cb
                0x000225a0                nrf_gzll_init
                0x00022688                nrf_gzll_enable
                0x000226ac                nrf_gzll_is_enabled
                0x000226b8                nrf_gzll_disable
                0x000226d0                nrf_gzll_add_packet_to_tx_fifo
                0x0002277c                nrf_gzll_fetch_packet_from_rx_fifo
                0x000227f4                nrf_gzll_get_tx_fifo_packet_count
                0x00022810                nrf_gzll_get_rx_fifo_packet_count
                0x0002282c                nrf_gzll_get_total_allocated_packet_count
                0x00022838                nrf_gzll_ok_to_add_packet_to_tx_fifo
                0x00022874                nrf_gzll_flush_tx_fifo
                0x000228ac                nrf_gzll_flush_rx_fifo
                0x000228cc                nrf_gzll_set_mode
                0x00022914                nrf_gzll_get_mode
                0x00022920                nrf_gzll_set_channel_table
                0x0002297c                nrf_gzll_get_channel_table
                0x000229b8                nrf_gzll_get_channel_table_size
                0x000229c4                nrf_gzll_set_base_address_0
                0x000229ec                nrf_gzll_get_base_address_0
                0x000229f4                nrf_gzll_set_base_address_1
                0x00022a1c                nrf_gzll_get_base_address_1
                0x00022a24                nrf_gzll_set_address_prefix_byte
                0x00022a58                nrf_gzll_get_address_prefix_byte
                0x00022a88                nrf_gzll_set_rx_pipes_enabled
                0x00022ab0                nrf_gzll_get_rx_pipes_enabled
                0x00022ab8                nrf_gzll_set_datarate
                0x00022afc                nrf_gzll_get_datarate
                0x00022b14                nrf_gzll_set_tx_power
                0x00022b70                nrf_gzll_get_tx_power
                0x00022ba8                nrf_gzll_set_timeslot_period
                0x00022bd0                nrf_gzll_get_timeslot_period
                0x00022bd8                nrf_gzll_set_sync_lifetime
                0x00022c00                nrf_gzll_get_sync_lifetime
                0x00022c08                nrf_gzll_set_timeslots_per_channel_when_device_out_of_sync
                0x00022c30                nrf_gzll_get_timeslots_per_channel_when_device_out_of_sync
                0x00022c38                nrf_gzll_set_timeslots_per_channel
                0x00022c60                nrf_gzll_get_timeslots_per_channel
                0x00022c68                nrf_gzll_set_max_tx_attempts
                0x00022c90                nrf_gzll_get_max_tx_attempts
                0x00022c98                nrf_gzll_set_device_channel_selection_policy
                0x00022cd8                nrf_gzll_get_device_channel_selection_policy
                0x00022ce8                nrf_gzll_set_xosc_ctl
                0x00022d28                nrf_gzll_get_xosc_ctl
                0x00022d38                nrf_gzll_get_error_code
                0x00022d44                nrf_gzll_reset_error_code
                0x00022d50                nrf_gzll_get_internal_debug_code
                0x00022d5c                nrf_gzll_reset_internal_debug_code
                0x00022d68                nrf_assert_internal_callback
 .text          0x00022d7c     0x18fc /home/robin/Travail/ProjetSpé/vibrato/rf_duino_template_cross_gcc/rfduino_core/variants/RFduino/libRFduinoGZLL.a(nrf_impala.o)
                0x00023018                nrf_gpio_debug_pin_write
                0x0002301c                nrf_impl_init
                0x000233e4                nrf_impl_enable
                0x000234a4                nrf_impl_disable
                0x0002352c                nrf_impl_is_disabled
                0x0002353c                nrf_impl_set_mode
                0x000235c4                nrf_impl_get_mode
                0x000235d0                nrf_impl_reserve_packet
                0x000235e4                nrf_impl_free_packet
                0x000235f8                nrf_impl_put_tx_fifo
                0x0002368c                nrf_impl_pop_rx_fifo
                0x000236a0                nrf_impl_read_rx_fifo
                0x000236a8                nrf_impl_read_tx_fifo
                0x000236bc                nrf_impl_get_tx_fifo_status
                0x000236c4                nrf_impl_get_rx_fifo_status
                0x000236cc                nrf_impl_get_available_fifo_packets
                0x000236d4                nrf_impl_flush_tx_fifo
                0x0002370c                nrf_impl_flush_rx_fifo
                0x00023720                nrf_impl_set_pipe_0_base_address
                0x00023834                nrf_impl_get_pipe_0_base_address
                0x00023944                nrf_impl_set_pipes_1_to_7_base_address
                0x00023a58                nrf_impl_get_pipes_1_to_7_base_address
                0x00023b64                nrf_impl_set_prefix_byte
                0x00023bdc                nrf_impl_get_prefix_byte
                0x00023c48                nrf_impl_set_channel_table
                0x00023c80                nrf_impl_set_sync_lifetime
                0x00023c8c                nrf_impl_get_sync_lifetime
                0x00023c98                nrf_impl_set_base_address_length
                0x00023cb8                nrf_impl_get_base_address_length
                0x00023ccc                nrf_impl_set_rx_pipes_enabled
                0x00023cd8                nrf_impl_get_rx_pipes_enabled
                0x00023ce4                nrf_impl_set_timeslot_period
                0x00023cf0                nrf_impl_get_timeslot_period
                0x00023cfc                nrf_impl_set_timeslots_per_channel_when_in_sync
                0x00023d2c                nrf_impl_get_timeslots_per_channel_when_in_sync
                0x00023d38                nrf_impl_set_timeslots_per_channel_when_out_of_sync
                0x00023d68                nrf_impl_get_timeslots_per_channel_when_out_of_sync
                0x00023d74                nrf_impl_set_max_allowed_tx_attempts
                0x00023d80                nrf_impl_get_max_allowed_tx_attempts
                0x00023d8c                nrf_impl_set_tx_power
                0x00023d9c                nrf_impl_get_tx_power
                0x00023db0                nrf_impl_set_crc_length
                0x00023e3c                nrf_impl_get_crc_length
                0x00023e50                nrf_impl_set_datarate
                0x00023f10                nrf_impl_get_datarate
                0x00023f20                nrf_impl_enable_rssi
                0x00023f48                nrf_impl_set_channel_selection_policy
                0x00023f54                nrf_impl_get_channel_selection_policy
                0x00023f60                nrf_impl_set_idle_activity_config
                0x00023f6c                nrf_impl_get_idle_activity_config
                0x00023f78                nrf_impl_set_xosc_ctl
                0x00023f84                nrf_impl_get_xosc_ctl
                0x00023f90                nrf_impl_set_dyn_ack_enable
                0x00023f98                nrf_impl_state_fun_device_send_packet
                0x00024004                async_state_rx_enabling
                0x000240ac                async_state_tx_ack_complete
                0x000240c0                async_state_packet_received
                0x00024250                nrf_impl_state_fun_timeslot_start
                0x00024648                async_state_rx_active
 .text          0x00024678      0x7d0 /home/robin/Travail/ProjetSpé/vibrato/rf_duino_template_cross_gcc/rfduino_core/variants/RFduino/libRFduinoGZLL.a(nrf_link_core.o)
                0x00024780                nrf_lcore_prepare_operation
                0x00024890                nrf_lcore_start_operation
                0x00024948                nrf_lcore_rx_address_match
                0x0002495c                nrf_lcore_force_disable
                0x00024ae0                nrf_lcore_init
                0x00024b38                RADIO_IRQHandler
                0x00024e20                TESTONLY_current_state_is_legal
                0x00024e44                print_lc_debug_info
 .text          0x00024e48      0x13c /home/robin/Travail/ProjetSpé/vibrato/rf_duino_template_cross_gcc/rfduino_core/variants/RFduino/libRFduinoGZLL.a(nrf_notification_manager.o)
                0x00024e48                nrf_nm_init
                0x00024e7c                nrf_nm_add
                0x00024ee8                nrf_nm_get_remaining_space_in_notification_queue
                0x00024efc                SWI0_IRQHandler
 .text          0x00024f84      0xcfc /home/robin/Travail/ProjetSpé/vibrato/rf_duino_template_cross_gcc/rfduino_core/variants/RFduino/libRFduinoGZLL.a(nrf_packet_manager.o)
                0x00024f84                nrf_pm_init
                0x0002502c                nrf_pm_get_ack_payload_pending
                0x00025038                nrf_pm_there_is_ptx_packet_to_be_serviced
                0x00025044                nrf_pm_start_ptx
                0x0002510c                nrf_pm_end_ptx
                0x000253b4                nrf_pm_get_current_ptx_pipe
                0x000253c0                nrf_pm_get_current_ptx_packet
                0x000253cc                nrf_pm_get_current_ptx_ack_ptr
                0x000253d8                nrf_pm_start_prx
                0x00025538                nrf_pm_end_prx
                0x0002589c                nrf_pm_search_for_ptx_pipe_to_service
                0x00025a3c                nrf_pm_get_state
                0x00025a48                nrf_pm_put_tx_fifo
                0x00025bec                nrf_pm_read_tx_fifo
                0x00025bf4                nrf_pm_flush_tx_fifo
                0x00025c14                nrf_pm_get_tx_fifo_status
                0x00025c1c                nrf_pm_read_rx_fifo
                0x00025c28                nrf_pm_pop_rx_fifo
                0x00025c34                nrf_pm_flush_rx_fifo
                0x00025c40                nrf_pm_get_rx_fifo_status
                0x00025c4c                nrf_pm_reserve_packet
                0x00025c54                nrf_pm_free_packet
                0x00025c5c                nrf_pm_get_available_fifo_packets
                0x00025c64                nrf_pm_set_dyn_ack_status
                0x00025c70                nrf_pm_get_dyn_ack_status
                0x00025c7c                pm_tx_pipe_to_nrf_fifo_pipe
 .text          0x00025c80       0x70 /home/robin/Travail/ProjetSpé/vibrato/rf_duino_template_cross_gcc/rfduino_core/variants/RFduino/libRFduinoGZLL.a(nrf_state_machine.o)
                0x00025c80                nrf_sm_init
                0x00025c90                nrf_sm_set_next_state
                0x00025cac                nrf_sm_get_current_state
                0x00025cb8                nrf_sm_get_prev_state
                0x00025cc4                nrf_sm_get_next_state
                0x00025cd0                nrf_sm_execute
 .text          0x00025cf0        0x8 /home/robin/Travail/ProjetSpé/vibrato/rf_duino_template_cross_gcc/rfduino_core/variants/RFduino/libRFduinoGZLL.a(nrf_assert_internal.o)
                0x00025cf0                NRF_ASSERT_INTERNAL_parse_and_forward
 .text          0x00025cf8      0x274 /home/robin/Travail/ProjetSpé/vibrato/rf_duino_template_cross_gcc/rfduino_core/variants/RFduino/libRFduinoGZLL.a(nrf_channel_manager.o)
                0x00025cf8                nrf_chm_init
                0x00025d1c                nrf_chm_execute_single_tick
                0x00025d48                nrf_chm_execute_ticks
                0x00025dbc                nrf_chm_ticks_until_channel_switch
                0x00025dcc                nrf_chm_ticks_until_desired_channel
                0x00025e10                nrf_chm_ticks_until_current_timeslot_in_range
                0x00025e58                nrf_chm_ticks_until_current_timeslot_in_range_on_desired_channel
                0x00025ef0                nrf_chm_get_current_channel
                0x00025f14                nrf_chm_set_current_channel_index
                0x00025f34                nrf_chm_get_current_channel_index
                0x00025f40                nrf_chm_set_current_timeslot
                0x00025f60                nrf_chm_get_current_timeslot
 .text          0x00025f6c      0x5e8 /home/robin/Travail/ProjetSpé/vibrato/rf_duino_template_cross_gcc/rfduino_core/variants/RFduino/libRFduinoGZLL.a(nrf_fifo.o)
                0x00025f6c                nrf_fifo_init
                0x0002603c                nrf_fifo_reserve_packet
                0x00026110                nrf_fifo_free_packet
                0x00026204                nrf_fifo_put_packet
                0x00026310                nrf_fifo_pop_packet
                0x00026364                nrf_fifo_read_packet
                0x0002639c                nrf_fifo_get_packet_count
                0x000263bc                nrf_fifo_get_available_packet_count
                0x000263c8                nrf_fifo_flush
 .text          0x00026554      0x278 /home/robin/Travail/ProjetSpé/vibrato/rf_duino_template_cross_gcc/rfduino_core/variants/RFduino/libRFduinoGZLL.a(nrf_flywheel.o)
                0x00026554                nrf_flw_init
                0x000265c8                nrf_flw_start
                0x000265e0                nrf_flw_stop
                0x00026618                nrf_flw_get_runstate
                0x00026624                nrf_flw_task_is_delayed
                0x00026630                NRF_flw_prepare_call
                0x0002674c                nrf_flw_get_ext_capture_task
                0x00026754                nrf_flw_get_flw_call_event
                0x0002675c                TIMER2_IRQHandler
 .text.startup._GLOBAL__sub_I___cxa_allocate_exception
                0x000267cc       0x2c /home/robin/Documents/gcc-arm-none-eabi-5_3-2016q1/bin/../lib/gcc/arm-none-eabi/5.3.1/../../../../arm-none-eabi/lib/armv6-m/libstdc++.a(eh_alloc.o)
 .text          0x000267f8       0x14 /home/robin/Documents/gcc-arm-none-eabi-5_3-2016q1/bin/../lib/gcc/arm-none-eabi/5.3.1/armv6-m/libgcc.a(_thumb1_case_uqi.o)
                0x000267f8                __gnu_thumb1_case_uqi
 .text          0x0002680c      0x114 /home/robin/Documents/gcc-arm-none-eabi-5_3-2016q1/bin/../lib/gcc/arm-none-eabi/5.3.1/armv6-m/libgcc.a(_udivsi3.o)
                0x0002680c                __udivsi3
                0x0002680c                __aeabi_uidiv
                0x00026918                __aeabi_uidivmod
 .text          0x00026920        0x4 /home/robin/Documents/gcc-arm-none-eabi-5_3-2016q1/bin/../lib/gcc/arm-none-eabi/5.3.1/armv6-m/libgcc.a(_dvmd_tls.o)
                0x00026920                __aeabi_ldiv0
                0x00026920                __aeabi_idiv0
 .text          0x00026924       0x7c /home/robin/Documents/gcc-arm-none-eabi-5_3-2016q1/bin/../lib/gcc/arm-none-eabi/5.3.1/armv6-m/libgcc.a(_arm_cmpdf2.o)
                0x00026924                __aeabi_cdrcmple
                0x00026934                __aeabi_cdcmple
                0x00026934                __aeabi_cdcmpeq
                0x00026944                __aeabi_dcmpeq
                0x00026950                __aeabi_dcmplt
                0x00026964                __aeabi_dcmple
                0x00026978                __aeabi_dcmpgt
                0x0002698c                __aeabi_dcmpge
 .text          0x000269a0       0x3c /home/robin/Documents/gcc-arm-none-eabi-5_3-2016q1/bin/../lib/gcc/arm-none-eabi/5.3.1/armv6-m/libgcc.a(_fixunsdfsi.o)
                0x000269a0                __fixunsdfsi
                0x000269a0                __aeabi_d2uiz
 .text          0x000269dc      0x62c /home/robin/Documents/gcc-arm-none-eabi-5_3-2016q1/bin/../lib/gcc/arm-none-eabi/5.3.1/armv6-m/libgcc.a(divdf3.o)
                0x000269dc                __aeabi_ddiv
 .text          0x00027008       0x80 /home/robin/Documents/gcc-arm-none-eabi-5_3-2016q1/bin/../lib/gcc/arm-none-eabi/5.3.1/armv6-m/libgcc.a(eqdf2.o)
                0x00027008                __eqdf2
                0x00027008                __nedf2
 .text          0x00027088       0xc8 /home/robin/Documents/gcc-arm-none-eabi-5_3-2016q1/bin/../lib/gcc/arm-none-eabi/5.3.1/armv6-m/libgcc.a(gedf2.o)
                0x00027088                __gtdf2
                0x00027088                __gedf2
 .text          0x00027150       0xd4 /home/robin/Documents/gcc-arm-none-eabi-5_3-2016q1/bin/../lib/gcc/arm-none-eabi/5.3.1/armv6-m/libgcc.a(ledf2.o)
                0x00027150                __ltdf2
                0x00027150                __ledf2
 .text          0x00027224      0x6a8 /home/robin/Documents/gcc-arm-none-eabi-5_3-2016q1/bin/../lib/gcc/arm-none-eabi/5.3.1/armv6-m/libgcc.a(subdf3.o)
                0x00027224                __aeabi_dsub
 .text          0x000278cc       0x6c /home/robin/Documents/gcc-arm-none-eabi-5_3-2016q1/bin/../lib/gcc/arm-none-eabi/5.3.1/armv6-m/libgcc.a(fixdfsi.o)
                0x000278cc                __aeabi_d2iz
 .text          0x00027938       0x84 /home/robin/Documents/gcc-arm-none-eabi-5_3-2016q1/bin/../lib/gcc/arm-none-eabi/5.3.1/armv6-m/libgcc.a(floatsidf.o)
                0x00027938                __aeabi_i2d
 .text          0x000279bc       0x3c /home/robin/Documents/gcc-arm-none-eabi-5_3-2016q1/bin/../lib/gcc/arm-none-eabi/5.3.1/armv6-m/libgcc.a(_clzsi2.o)
                0x000279bc                __clzsi2
 .text.__libc_init_array
                0x000279f8       0x48 /home/robin/Documents/gcc-arm-none-eabi-5_3-2016q1/bin/../lib/gcc/arm-none-eabi/5.3.1/../../../../arm-none-eabi/lib/armv6-m/libc.a(lib_a-init.o)
                0x000279f8                __libc_init_array
 .text.isdigit  0x00027a40       0x14 /home/robin/Documents/gcc-arm-none-eabi-5_3-2016q1/bin/../lib/gcc/arm-none-eabi/5.3.1/../../../../arm-none-eabi/lib/armv6-m/libc.a(lib_a-isdigit.o)
                0x00027a40                isdigit
 .text.malloc   0x00027a54       0x14 /home/robin/Documents/gcc-arm-none-eabi-5_3-2016q1/bin/../lib/gcc/arm-none-eabi/5.3.1/../../../../arm-none-eabi/lib/armv6-m/libc.a(lib_a-malloc.o)
                0x00027a54                malloc
 .text._malloc_r
                0x00027a68      0x554 /home/robin/Documents/gcc-arm-none-eabi-5_3-2016q1/bin/../lib/gcc/arm-none-eabi/5.3.1/../../../../arm-none-eabi/lib/armv6-m/libc.a(lib_a-mallocr.o)
                0x00027a68                _malloc_r
 .text.memcmp   0x00027fbc       0x50 /home/robin/Documents/gcc-arm-none-eabi-5_3-2016q1/bin/../lib/gcc/arm-none-eabi/5.3.1/../../../../arm-none-eabi/lib/armv6-m/libc.a(lib_a-memcmp.o)
                0x00027fbc                memcmp
 .text.memcpy   0x0002800c       0x7c /home/robin/Documents/gcc-arm-none-eabi-5_3-2016q1/bin/../lib/gcc/arm-none-eabi/5.3.1/../../../../arm-none-eabi/lib/armv6-m/libc.a(lib_a-memcpy-stub.o)
                0x0002800c                memcpy
 .text.memset   0x00028088       0x8c /home/robin/Documents/gcc-arm-none-eabi-5_3-2016q1/bin/../lib/gcc/arm-none-eabi/5.3.1/../../../../arm-none-eabi/lib/armv6-m/libc.a(lib_a-memset.o)
                0x00028088                memset
 .text.__malloc_lock
                0x00028114        0x4 /home/robin/Documents/gcc-arm-none-eabi-5_3-2016q1/bin/../lib/gcc/arm-none-eabi/5.3.1/../../../../arm-none-eabi/lib/armv6-m/libc.a(lib_a-mlock.o)
                0x00028114                __malloc_lock
 .text.__malloc_unlock
                0x00028118        0x4 /home/robin/Documents/gcc-arm-none-eabi-5_3-2016q1/bin/../lib/gcc/arm-none-eabi/5.3.1/../../../../arm-none-eabi/lib/armv6-m/libc.a(lib_a-mlock.o)
                0x00028118                __malloc_unlock
 .text._sbrk_r  0x0002811c       0x24 /home/robin/Documents/gcc-arm-none-eabi-5_3-2016q1/bin/../lib/gcc/arm-none-eabi/5.3.1/../../../../arm-none-eabi/lib/armv6-m/libc.a(lib_a-sbrkr.o)
                0x0002811c                _sbrk_r
 .text.strlen   0x00028140       0x68 /home/robin/Documents/gcc-arm-none-eabi-5_3-2016q1/bin/../lib/gcc/arm-none-eabi/5.3.1/../../../../arm-none-eabi/lib/armv6-m/libc.a(lib_a-strlen-stub.o)
                0x00028140                strlen
 .text.tolower  0x000281a8       0x18 /home/robin/Documents/gcc-arm-none-eabi-5_3-2016q1/bin/../lib/gcc/arm-none-eabi/5.3.1/../../../../arm-none-eabi/lib/armv6-m/libc.a(lib_a-tolower.o)
                0x000281a8                tolower
 .text.startup.register_fini
                0x000281c0       0x18 /home/robin/Documents/gcc-arm-none-eabi-5_3-2016q1/bin/../lib/gcc/arm-none-eabi/5.3.1/../../../../arm-none-eabi/lib/armv6-m/libc.a(lib_a-__call_atexit.o)
 .text.atexit   0x000281d8       0x10 /home/robin/Documents/gcc-arm-none-eabi-5_3-2016q1/bin/../lib/gcc/arm-none-eabi/5.3.1/../../../../arm-none-eabi/lib/armv6-m/libc.a(lib_a-atexit.o)
                0x000281d8                atexit
 .text.__libc_fini_array
                0x000281e8       0x34 /home/robin/Documents/gcc-arm-none-eabi-5_3-2016q1/bin/../lib/gcc/arm-none-eabi/5.3.1/../../../../arm-none-eabi/lib/armv6-m/libc.a(lib_a-fini.o)
                0x000281e8                __libc_fini_array
 .text._malloc_trim_r
                0x0002821c       0xa0 /home/robin/Documents/gcc-arm-none-eabi-5_3-2016q1/bin/../lib/gcc/arm-none-eabi/5.3.1/../../../../arm-none-eabi/lib/armv6-m/libc.a(lib_a-freer.o)
                0x0002821c                _malloc_trim_r
 .text._free_r  0x000282bc      0x1c4 /home/robin/Documents/gcc-arm-none-eabi-5_3-2016q1/bin/../lib/gcc/arm-none-eabi/5.3.1/../../../../arm-none-eabi/lib/armv6-m/libc.a(lib_a-freer.o)
                0x000282bc                _free_r
 .text.__register_exitproc
                0x00028480       0xd4 /home/robin/Documents/gcc-arm-none-eabi-5_3-2016q1/bin/../lib/gcc/arm-none-eabi/5.3.1/../../../../arm-none-eabi/lib/armv6-m/libc.a(lib_a-__atexit.o)
                0x00028480                __register_exitproc
 *(.glue_7t)
 .glue_7t       0x00028554        0x0 linker stubs
 *(.glue_7)
 .glue_7        0x00028554        0x0 linker stubs
 *(.rodata .rodata* .gnu.linkonce.r.*)
 .rodata.str1.1
                0x00028554       0xa5 ./rfduino_core/variants/RFduino/variant.o
 *fill*         0x000285f9        0x1 
 .rodata.realCoefAQ15
                0x000285fa     0x4000 ./rfduino_core/system/CMSIS/CMSIS/DSP_Lib/Source/TransformFunctions/arm_rfft_init_q15.o
 .rodata.realCoefBQ15
                0x0002c5fa     0x4000 ./rfduino_core/system/CMSIS/CMSIS/DSP_Lib/Source/TransformFunctions/arm_rfft_init_q15.o
 .rodata.twiddleCoefQ15
                0x000305fa     0x3000 ./rfduino_core/system/CMSIS/CMSIS/DSP_Lib/Source/CommonTables/arm_common_tables.o
                0x000305fa                twiddleCoefQ15
 .rodata.armBitRevTable
                0x000335fa      0x800 ./rfduino_core/system/CMSIS/CMSIS/DSP_Lib/Source/CommonTables/arm_common_tables.o
                0x000335fa                armBitRevTable
 .rodata        0x00033dfa       0x10 ./rfduino_core/libraries/RFduinoBLE/RFduinoBLE.o
 .rodata.str1.1
                0x00033e0a       0xb2 ./rfduino_core/libraries/RFduinoBLE/RFduinoBLE.o
                                 0xb3 (size before relaxing)
 .rodata._ZTV9UARTClass
                0x00033ebc       0x30 ./rfduino_core/cores/arduino/UARTClass.o
                0x00033ebc                vtable for UARTClass
 .rodata.str1.1
                0x00033eec       0x37 ./rf_duino_template_main.o
                                 0x39 (size before relaxing)
 .rodata.str1.1
                0x00033f23        0xf /home/robin/Travail/ProjetSpé/vibrato/rf_duino_template_cross_gcc/rfduino_core/variants/RFduino/libRFduinoBLE.a(libRFduinoBLE.o)
 .rodata.str1.1
                0x00033f23       0x42 /home/robin/Travail/ProjetSpé/vibrato/rf_duino_template_cross_gcc/rfduino_core/variants/RFduino/libRFduinoBLE.a(ble_stack_handler.o)
 *fill*         0x00033f65        0x3 
 .rodata        0x00033f68       0x38 /home/robin/Travail/ProjetSpé/vibrato/rf_duino_template_cross_gcc/rfduino_core/variants/RFduino/libRFduinoGZLL.a(nrf_gzll.o)
 .rodata        0x00033fa0       0x14 /home/robin/Travail/ProjetSpé/vibrato/rf_duino_template_cross_gcc/rfduino_core/variants/RFduino/libRFduinoGZLL.a(nrf_impala.o)
 .rodata        0x00033fb4       0x30 /home/robin/Travail/ProjetSpé/vibrato/rf_duino_template_cross_gcc/rfduino_core/variants/RFduino/libRFduinoGZLL.a(nrf_link_core.o)
 .rodata        0x00033fe4       0x40 /home/robin/Documents/gcc-arm-none-eabi-5_3-2016q1/bin/../lib/gcc/arm-none-eabi/5.3.1/armv6-m/libgcc.a(divdf3.o)
 .rodata.str1.4
                0x00034024        0x4 /home/robin/Documents/gcc-arm-none-eabi-5_3-2016q1/bin/../lib/gcc/arm-none-eabi/5.3.1/../../../../arm-none-eabi/lib/armv6-m/libc.a(lib_a-impure.o)
                                  0x2 (size before relaxing)
 .rodata._global_impure_ptr
                0x00034028        0x4 /home/robin/Documents/gcc-arm-none-eabi-5_3-2016q1/bin/../lib/gcc/arm-none-eabi/5.3.1/../../../../arm-none-eabi/lib/armv6-m/libc.a(lib_a-impure.o)
                0x00034028                _global_impure_ptr
 .rodata._ctype_
                0x0003402c      0x101 /home/robin/Documents/gcc-arm-none-eabi-5_3-2016q1/bin/../lib/gcc/arm-none-eabi/5.3.1/../../../../arm-none-eabi/lib/armv6-m/libc.a(lib_a-ctype_.o)
                0x0003402c                _ctype_
 *(.ARM.extab* .gnu.linkonce.armextab.*)
                0x00034130                . = ALIGN (0x4)
 *fill*         0x0003412d        0x3 
 *(.init)
 .init          0x00034130        0x4 /home/robin/Documents/gcc-arm-none-eabi-5_3-2016q1/bin/../lib/gcc/arm-none-eabi/5.3.1/armv6-m/crti.o
                0x00034130                _init
 .init          0x00034134        0x8 /home/robin/Documents/gcc-arm-none-eabi-5_3-2016q1/bin/../lib/gcc/arm-none-eabi/5.3.1/armv6-m/crtn.o
                0x0003413c                . = ALIGN (0x4)
                0x0003413c                __preinit_array_start = .
 *(.preinit_array)
                0x0003413c                __preinit_array_end = .
                0x0003413c                . = ALIGN (0x4)
                0x0003413c                __init_array_start = .
 *(SORT(.init_array.*))
 .init_array.00000
                0x0003413c        0x4 /home/robin/Documents/gcc-arm-none-eabi-5_3-2016q1/bin/../lib/gcc/arm-none-eabi/5.3.1/../../../../arm-none-eabi/lib/armv6-m/libc.a(lib_a-__call_atexit.o)
 *(.init_array)
 .init_array    0x00034140        0x4 /home/robin/Documents/gcc-arm-none-eabi-5_3-2016q1/bin/../lib/gcc/arm-none-eabi/5.3.1/armv6-m/crtbegin.o
 .init_array    0x00034144        0x4 ./rfduino_core/variants/RFduino/variant.o
 .init_array    0x00034148        0x4 ./rfduino_core/libraries/RFduinoGZLL/RFduinoGZLL.o
 .init_array    0x0003414c        0x4 ./rfduino_core/libraries/RFduinoBLE/RFduinoBLE.o
 .init_array    0x00034150        0x4 /home/robin/Documents/gcc-arm-none-eabi-5_3-2016q1/bin/../lib/gcc/arm-none-eabi/5.3.1/../../../../arm-none-eabi/lib/armv6-m/libstdc++.a(eh_alloc.o)
                0x00034154                __init_array_end = .
                0x00034154                . = ALIGN (0x4)
 *crtbegin.o(.ctors)
 *(EXCLUDE_FILE(*crtend.o) .ctors)
 *(SORT(.ctors.*))
 *crtend.o(.ctors)
                0x00034154                . = ALIGN (0x4)
 *(.fini)
 .fini          0x00034154        0x4 /home/robin/Documents/gcc-arm-none-eabi-5_3-2016q1/bin/../lib/gcc/arm-none-eabi/5.3.1/armv6-m/crti.o
                0x00034154                _fini
 .fini          0x00034158        0x8 /home/robin/Documents/gcc-arm-none-eabi-5_3-2016q1/bin/../lib/gcc/arm-none-eabi/5.3.1/armv6-m/crtn.o
                0x00034160                . = ALIGN (0x4)
                0x00034160                __fini_array_start = .
 *(.fini_array)
 .fini_array    0x00034160        0x4 /home/robin/Documents/gcc-arm-none-eabi-5_3-2016q1/bin/../lib/gcc/arm-none-eabi/5.3.1/armv6-m/crtbegin.o
 *(SORT(.fini_array.*))
                0x00034164                __fini_array_end = .
 *crtbegin.o(.dtors)
 *(EXCLUDE_FILE(*crtend.o) .dtors)
 *(SORT(.dtors.*))
 *crtend.o(.dtors)
                0x00034164                . = ALIGN (0x4)
                0x00034164                _efixed = .
                0x00034164                PROVIDE (__exidx_start, .)

.vfp11_veneer   0x00034164        0x0
 .vfp11_veneer  0x00034164        0x0 linker stubs

.v4_bx          0x00034164        0x0
 .v4_bx         0x00034164        0x0 linker stubs

.iplt           0x00034164        0x0
 .iplt          0x00034164        0x0 /home/robin/Documents/gcc-arm-none-eabi-5_3-2016q1/bin/../lib/gcc/arm-none-eabi/5.3.1/armv6-m/crtbegin.o

.ARM.exidx      0x00034164        0x8
 *(.ARM.exidx* .gnu.linkonce.armexidx.*)
 .ARM.exidx.text.startup._GLOBAL__sub_I___cxa_allocate_exception
                0x00034164        0x8 /home/robin/Documents/gcc-arm-none-eabi-5_3-2016q1/bin/../lib/gcc/arm-none-eabi/5.3.1/../../../../arm-none-eabi/lib/armv6-m/libstdc++.a(eh_alloc.o)
                0x0003416c                PROVIDE (__exidx_end, .)

.eh_frame       0x0003416c        0x0
 .eh_frame      0x0003416c        0x0 /home/robin/Documents/gcc-arm-none-eabi-5_3-2016q1/bin/../lib/gcc/arm-none-eabi/5.3.1/armv6-m/crtbegin.o

.rel.dyn        0x0003416c        0x0
 .rel.iplt      0x0003416c        0x0 /home/robin/Documents/gcc-arm-none-eabi-5_3-2016q1/bin/../lib/gcc/arm-none-eabi/5.3.1/armv6-m/crtbegin.o

.jcr            0x0003416c        0x0
 .jcr           0x0003416c        0x0 /home/robin/Documents/gcc-arm-none-eabi-5_3-2016q1/bin/../lib/gcc/arm-none-eabi/5.3.1/armv6-m/crtbegin.o

.igot.plt       0x0003416c        0x0
 .igot.plt      0x0003416c        0x0 /home/robin/Documents/gcc-arm-none-eabi-5_3-2016q1/bin/../lib/gcc/arm-none-eabi/5.3.1/armv6-m/crtbegin.o
                0x0003416c                . = ALIGN (0x4)
                0x0003416c                _etext = .

.relocate       0x20002000      0x950 load address 0x0003416c
                0x20002000                . = ALIGN (0x4)
                0x20002000                _srelocate = .
 *(.ramfunc .ramfunc.*)
 *(.data .data.*)
 .data.dynamic_handlers
                0x20002000        0x4 ./rfduino_core/system/RFduino/source/startup_nrf51822.o
                0x20002000                dynamic_handlers
 .data.exception_handlers
                0x20002004       0xc0 ./rfduino_core/system/RFduino/source/startup_nrf51822.o
                0x20002004                exception_handlers
 .data.adc_input_selection
                0x200020c4        0x1 ./rfduino_core/cores/arduino/wiring_analog.o
                0x200020c4                adc_input_selection
 .data.analog_reference
                0x200020c5        0x1 ./rfduino_core/cores/arduino/wiring_analog.o
                0x200020c5                analog_reference
 .data.external_reference
                0x200020c6        0x1 ./rfduino_core/cores/arduino/wiring_analog.o
                0x200020c6                external_reference
 *fill*         0x200020c7        0x1 
 .data._readResolution
                0x200020c8        0x4 ./rfduino_core/cores/arduino/wiring_analog.o
 .data.analogInPin
                0x200020cc        0x4 ./rf_duino_template_main.o
                0x200020cc                analogInPin
 .data.RFduinoBLE_advertisement_interval
                0x200020d0        0x4 /home/robin/Travail/ProjetSpé/vibrato/rf_duino_template_cross_gcc/rfduino_core/variants/RFduino/libRFduinoBLE.a(libRFduinoBLE.o)
                0x200020d0                RFduinoBLE_advertisement_interval
 .data.RFduinoBLE_device_name
                0x200020d4        0x4 /home/robin/Travail/ProjetSpé/vibrato/rf_duino_template_cross_gcc/rfduino_core/variants/RFduino/libRFduinoBLE.a(libRFduinoBLE.o)
                0x200020d4                RFduinoBLE_device_name
 .data.m_conn_handle
                0x200020d8        0x2 /home/robin/Travail/ProjetSpé/vibrato/rf_duino_template_cross_gcc/rfduino_core/variants/RFduino/libRFduinoBLE.a(libRFduinoBLE.o)
 .data.RFduinoBLE_ibeacon_measured_power
                0x200020da        0x1 /home/robin/Travail/ProjetSpé/vibrato/rf_duino_template_cross_gcc/rfduino_core/variants/RFduino/libRFduinoBLE.a(libRFduinoBLE.o)
                0x200020da                RFduinoBLE_ibeacon_measured_power
 .data.RFduinoBLE_ibeacon_uuid
                0x200020db       0x10 /home/robin/Travail/ProjetSpé/vibrato/rf_duino_template_cross_gcc/rfduino_core/variants/RFduino/libRFduinoBLE.a(libRFduinoBLE.o)
                0x200020db                RFduinoBLE_ibeacon_uuid
 .data.RFduinoBLE_connectable
                0x200020eb        0x1 /home/robin/Travail/ProjetSpé/vibrato/rf_duino_template_cross_gcc/rfduino_core/variants/RFduino/libRFduinoBLE.a(libRFduinoBLE.o)
                0x200020eb                RFduinoBLE_connectable
 .data.RFduinoBLE_tx_power_level
                0x200020ec        0x1 /home/robin/Travail/ProjetSpé/vibrato/rf_duino_template_cross_gcc/rfduino_core/variants/RFduino/libRFduinoBLE.a(libRFduinoBLE.o)
                0x200020ec                RFduinoBLE_tx_power_level
 *fill*         0x200020ed        0x3 
 .data.RFduinoBLE_advertisement_data
                0x200020f0        0x4 /home/robin/Travail/ProjetSpé/vibrato/rf_duino_template_cross_gcc/rfduino_core/variants/RFduino/libRFduinoBLE.a(libRFduinoBLE.o)
                0x200020f0                RFduinoBLE_advertisement_data
 .data          0x200020f4       0x14 /home/robin/Travail/ProjetSpé/vibrato/rf_duino_template_cross_gcc/rfduino_core/variants/RFduino/libRFduinoGZLL.a(nrf_gzll.o)
 .data          0x20002108        0x8 /home/robin/Travail/ProjetSpé/vibrato/rf_duino_template_cross_gcc/rfduino_core/variants/RFduino/libRFduinoGZLL.a(nrf_state_machine.o)
                0x20002108                state_functions
 .data.impure_data
                0x20002110      0x428 /home/robin/Documents/gcc-arm-none-eabi-5_3-2016q1/bin/../lib/gcc/arm-none-eabi/5.3.1/../../../../arm-none-eabi/lib/armv6-m/libc.a(lib_a-impure.o)
 .data._impure_ptr
                0x20002538        0x4 /home/robin/Documents/gcc-arm-none-eabi-5_3-2016q1/bin/../lib/gcc/arm-none-eabi/5.3.1/../../../../arm-none-eabi/lib/armv6-m/libc.a(lib_a-impure.o)
                0x20002538                _impure_ptr
 .data.__malloc_av_
                0x2000253c      0x408 /home/robin/Documents/gcc-arm-none-eabi-5_3-2016q1/bin/../lib/gcc/arm-none-eabi/5.3.1/../../../../arm-none-eabi/lib/armv6-m/libc.a(lib_a-mallocr.o)
                0x2000253c                __malloc_av_
 .data.__malloc_trim_threshold
                0x20002944        0x4 /home/robin/Documents/gcc-arm-none-eabi-5_3-2016q1/bin/../lib/gcc/arm-none-eabi/5.3.1/../../../../arm-none-eabi/lib/armv6-m/libc.a(lib_a-mallocr.o)
                0x20002944                __malloc_trim_threshold
 .data.__malloc_sbrk_base
                0x20002948        0x4 /home/robin/Documents/gcc-arm-none-eabi-5_3-2016q1/bin/../lib/gcc/arm-none-eabi/5.3.1/../../../../arm-none-eabi/lib/armv6-m/libc.a(lib_a-mallocr.o)
                0x20002948                __malloc_sbrk_base
 .data.__ctype_ptr__
                0x2000294c        0x4 /home/robin/Documents/gcc-arm-none-eabi-5_3-2016q1/bin/../lib/gcc/arm-none-eabi/5.3.1/../../../../arm-none-eabi/lib/armv6-m/libc.a(lib_a-ctype_.o)
                0x2000294c                __ctype_ptr__
                0x20002950                . = ALIGN (0x4)
                0x20002950                _erelocate = .

.bss            0x20002950      0xadc load address 0x00034abc
                0x20002950                . = ALIGN (0x4)
                0x20002950                _sbss = .
                0x20002950                _szero = .
 *(.bss .bss.*)
 .bss           0x20002950       0x1c /home/robin/Documents/gcc-arm-none-eabi-5_3-2016q1/bin/../lib/gcc/arm-none-eabi/5.3.1/armv6-m/crtbegin.o
 .bss.UART0_State
                0x2000296c        0x1 ./rfduino_core/variants/RFduino/variant.o
                0x2000296c                UART0_State
 .bss.override_uart_limit
                0x2000296d        0x1 ./rfduino_core/variants/RFduino/variant.o
                0x2000296d                override_uart_limit
 *fill*         0x2000296e        0x2 
 .bss.Serial    0x20002970       0x1c ./rfduino_core/variants/RFduino/variant.o
                0x20002970                Serial
 .bss.rxBuffer  0x2000298c       0x48 ./rfduino_core/variants/RFduino/variant.o
                0x2000298c                rxBuffer
 .bss.txBuffer  0x200029d4       0x48 ./rfduino_core/variants/RFduino/variant.o
                0x200029d4                txBuffer
 .bss.RFduinoGZLL
                0x20002a1c        0xc ./rfduino_core/libraries/RFduinoGZLL/RFduinoGZLL.o
                0x20002a1c                RFduinoGZLL
 .bss.RFduinoBLE
                0x20002a28       0x30 ./rfduino_core/libraries/RFduinoBLE/RFduinoBLE.o
                0x20002a28                RFduinoBLE
 .bss.heap.5316
                0x20002a58        0x4 ./rfduino_core/cores/arduino/syscalls.o